frame 10000 ep 890 eps 0.910 avg100 0.49 fps 2024
frame 20000 ep 1771 eps 0.820 avg100 0.54 fps 1357
frame 30000 ep 2502 eps 0.730 avg100 0.87 fps 1171
frame 40000 ep 3081 eps 0.640 avg100 1.24 fps 1131
frame 50000 ep 3575 eps 0.550 avg100 1.29 fps 1105
frame 60000 ep 4052 eps 0.460 avg100 1.54 fps 1089
frame 70000 ep 4457 eps 0.370 avg100 1.74 fps 1077
frame 80000 ep 4805 eps 0.280 avg100 2.18 fps 1069
frame 90000 ep 5120 eps 0.190 avg100 2.46 fps 1061
frame 100000 ep 5366 eps 0.100 avg100 3.35 fps 1057
frame 110000 ep 5588 eps 0.100 avg100 3.66 fps 1053
frame 120000 ep 5776 eps 0.100 avg100 4.39 fps 1050
frame 130000 ep 5968 eps 0.100 avg100 4.41 fps 1048
frame 140000 ep 6146 eps 0.100 avg100 4.64 fps 1046
frame 150000 ep 6310 eps 0.100 avg100 5.10 fps 1044
frame 160000 ep 6480 eps 0.100 avg100 4.89 fps 1042
frame 170000 ep 6655 eps 0.100 avg100 4.50 fps 1041
frame 180000 ep 6820 eps 0.100 avg100 5.39 fps 1040
frame 190000 ep 6982 eps 0.100 avg100 5.00 fps 1039
frame 200000 ep 7134 eps 0.100 avg100 5.48 fps 1038
frame 210000 ep 7296 eps 0.100 avg100 4.93 fps 247
frame 220000 ep 7438 eps 0.100 avg100 5.76 fps 256
frame 230000 ep 7584 eps 0.100 avg100 5.42 fps 265
frame 240000 ep 7729 eps 0.100 avg100 5.72 fps 273
frame 250000 ep 7871 eps 0.100 avg100 6.31 fps 281
frame 260000 ep 8020 eps 0.100 avg100 5.47 fps 289
frame 270000 ep 8171 eps 0.100 avg100 5.75 fps 297
frame 280000 ep 8311 eps 0.100 avg100 6.02 fps 305
frame 290000 ep 8467 eps 0.100 avg100 5.36 fps 312
frame 300000 ep 8623 eps 0.100 avg100 5.27 fps 319
frame 310000 ep 8758 eps 0.100 avg100 6.04 fps 327
frame 320000 ep 8895 eps 0.100 avg100 6.13 fps 334
frame 330000 ep 9022 eps 0.100 avg100 6.56 fps 341
frame 340000 ep 9153 eps 0.100 avg100 6.38 fps 347
frame 350000 ep 9301 eps 0.100 avg100 4.76 fps 354
frame 360000 ep 9423 eps 0.100 avg100 6.99 fps 360
frame 370000 ep 9561 eps 0.100 avg100 6.30 fps 367
frame 380000 ep 9699 eps 0.100 avg100 6.43 fps 373
frame 390000 ep 9830 eps 0.100 avg100 6.51 fps 379
frame 400000 ep 9973 eps 0.100 avg100 5.87 fps 384
frame 410000 ep 10097 eps 0.100 avg100 6.90 fps 388
frame 420000 ep 10227 eps 0.100 avg100 6.22 fps 394
frame 430000 ep 10342 eps 0.100 avg100 7.54 fps 399
frame 440000 ep 10481 eps 0.100 avg100 6.36 fps 402
frame 450000 ep 10617 eps 0.100 avg100 5.65 fps 405
frame 460000 ep 10743 eps 0.100 avg100 6.83 fps 408
frame 470000 ep 10887 eps 0.100 avg100 5.42 fps 411
frame 480000 ep 11017 eps 0.100 avg100 6.73 fps 414
frame 490000 ep 11145 eps 0.100 avg100 6.68 fps 417
frame 500000 ep 11258 eps 0.100 avg100 8.02 fps 419
frame 510000 ep 11380 eps 0.100 avg100 7.11 fps 422
frame 520000 ep 11523 eps 0.100 avg100 6.05 fps 424
frame 530000 ep 11662 eps 0.100 avg100 6.24 fps 427
frame 540000 ep 11805 eps 0.100 avg100 6.07 fps 428
frame 550000 ep 11938 eps 0.100 avg100 6.48 fps 429
frame 560000 ep 12073 eps 0.100 avg100 6.39 fps 430
frame 570000 ep 12196 eps 0.100 avg100 6.94 fps 432
frame 580000 ep 12322 eps 0.100 avg100 7.30 fps 315
frame 590000 ep 12454 eps 0.100 avg100 6.12 fps 317
frame 600000 ep 12592 eps 0.100 avg100 6.24 fps 319
frame 610000 ep 12724 eps 0.100 avg100 6.61 fps 320
frame 620000 ep 12848 eps 0.100 avg100 6.98 fps 322
frame 630000 ep 12963 eps 0.100 avg100 7.82 fps 323
frame 640000 ep 13103 eps 0.100 avg100 6.14 fps 325
frame 650000 ep 13241 eps 0.100 avg100 6.67 fps 326
frame 660000 ep 13379 eps 0.100 avg100 5.81 fps 328
frame 670000 ep 13502 eps 0.100 avg100 7.20 fps 330
frame 680000 ep 13613 eps 0.100 avg100 7.75 fps 332
frame 690000 ep 13726 eps 0.100 avg100 7.23 fps 333
frame 700000 ep 13842 eps 0.100 avg100 7.18 fps 335
frame 710000 ep 13966 eps 0.100 avg100 7.09 fps 336
frame 720000 ep 14096 eps 0.100 avg100 6.41 fps 338
frame 730000 ep 14220 eps 0.100 avg100 6.88 fps 339
frame 740000 ep 14325 eps 0.100 avg100 7.72 fps 341
frame 750000 ep 14462 eps 0.100 avg100 6.07 fps 342
frame 760000 ep 14589 eps 0.100 avg100 7.06 fps 344
frame 770000 ep 14731 eps 0.100 avg100 6.40 fps 346
frame 780000 ep 14872 eps 0.100 avg100 6.10 fps 348
frame 790000 ep 14985 eps 0.100 avg100 7.66 fps 350
frame 800000 ep 15082 eps 0.100 avg100 9.07 fps 352
frame 810000 ep 15200 eps 0.100 avg100 7.03 fps 354
frame 820000 ep 15322 eps 0.100 avg100 6.75 fps 355
frame 830000 ep 15444 eps 0.100 avg100 6.90 fps 341
frame 840000 ep 15556 eps 0.100 avg100 7.58 fps 343
frame 850000 ep 15681 eps 0.100 avg100 6.62 fps 344
frame 860000 ep 15809 eps 0.100 avg100 6.67 fps 346
frame 870000 ep 15934 eps 0.100 avg100 7.14 fps 348
frame 880000 ep 16047 eps 0.100 avg100 7.74 fps 349
frame 890000 ep 16171 eps 0.100 avg100 6.88 fps 350
frame 900000 ep 16278 eps 0.100 avg100 8.03 fps 351
frame 910000 ep 16407 eps 0.100 avg100 6.59 fps 352
frame 920000 ep 16530 eps 0.100 avg100 7.12 fps 353
frame 930000 ep 16665 eps 0.100 avg100 6.61 fps 354
frame 940000 ep 16789 eps 0.100 avg100 6.64 fps 355
frame 950000 ep 16920 eps 0.100 avg100 6.28 fps 356
frame 960000 ep 17035 eps 0.100 avg100 7.76 fps 357
frame 970000 ep 17163 eps 0.100 avg100 7.03 fps 357
frame 980000 ep 17296 eps 0.100 avg100 6.31 fps 359
frame 990000 ep 17430 eps 0.100 avg100 6.38 fps 360
frame 1000000 ep 17532 eps 0.100 avg100 8.73 fps 362
frame 1010000 ep 17657 eps 0.100 avg100 6.66 fps 363
frame 1020000 ep 17781 eps 0.100 avg100 7.12 fps 359
frame 1030000 ep 17897 eps 0.100 avg100 7.18 fps 359
frame 1040000 ep 18005 eps 0.100 avg100 8.18 fps 349
frame 1050000 ep 18114 eps 0.100 avg100 8.00 fps 348
frame 1060000 ep 18237 eps 0.100 avg100 6.90 fps 333
frame 1070000 ep 18366 eps 0.100 avg100 7.17 fps 334
frame 1080000 ep 18498 eps 0.100 avg100 6.73 fps 335
frame 1090000 ep 18633 eps 0.100 avg100 6.36 fps 337
frame 1100000 ep 18768 eps 0.100 avg100 6.36 fps 338
frame 1110000 ep 18901 eps 0.100 avg100 6.73 fps 339
frame 1120000 ep 19032 eps 0.100 avg100 6.80 fps 340
frame 1130000 ep 19157 eps 0.100 avg100 7.17 fps 342
frame 1140000 ep 19285 eps 0.100 avg100 7.15 fps 343
frame 1150000 ep 19394 eps 0.100 avg100 8.41 fps 344
frame 1160000 ep 19527 eps 0.100 avg100 6.59 fps 345
frame 1170000 ep 19659 eps 0.100 avg100 7.54 fps 346
frame 1180000 ep 19767 eps 0.100 avg100 8.32 fps 347
frame 1190000 ep 19889 eps 0.100 avg100 7.86 fps 348
frame 1200000 ep 20020 eps 0.100 avg100 7.09 fps 348
frame 1210000 ep 20159 eps 0.100 avg100 7.11 fps 349
frame 1220000 ep 20269 eps 0.100 avg100 8.84 fps 350
frame 1230000 ep 20397 eps 0.100 avg100 6.42 fps 351
frame 1240000 ep 20517 eps 0.100 avg100 8.15 fps 351
frame 1250000 ep 20634 eps 0.100 avg100 8.52 fps 352
frame 1260000 ep 20763 eps 0.100 avg100 7.32 fps 352
frame 1270000 ep 20877 eps 0.100 avg100 8.14 fps 353
frame 1280000 ep 20997 eps 0.100 avg100 8.23 fps 354
frame 1290000 ep 21113 eps 0.100 avg100 8.25 fps 355
frame 1300000 ep 21228 eps 0.100 avg100 8.08 fps 356
frame 1310000 ep 21340 eps 0.100 avg100 8.10 fps 358
frame 1320000 ep 21462 eps 0.100 avg100 6.93 fps 359
frame 1330000 ep 21590 eps 0.100 avg100 6.99 fps 360
frame 1340000 ep 21694 eps 0.100 avg100 8.96 fps 361
frame 1350000 ep 21821 eps 0.100 avg100 7.63 fps 362
frame 1360000 ep 21933 eps 0.100 avg100 8.51 fps 363
frame 1370000 ep 22059 eps 0.100 avg100 6.84 fps 364
frame 1380000 ep 22173 eps 0.100 avg100 8.52 fps 365
frame 1390000 ep 22290 eps 0.100 avg100 8.11 fps 365
frame 1400000 ep 22417 eps 0.100 avg100 7.70 fps 366
frame 1410000 ep 22530 eps 0.100 avg100 8.74 fps 365
frame 1420000 ep 22651 eps 0.100 avg100 7.47 fps 365
frame 1430000 ep 22778 eps 0.100 avg100 7.25 fps 364
frame 1440000 ep 22886 eps 0.100 avg100 9.02 fps 363
frame 1450000 ep 23004 eps 0.100 avg100 8.39 fps 362
frame 1460000 ep 23115 eps 0.100 avg100 8.70 fps 362
frame 1470000 ep 23220 eps 0.100 avg100 8.52 fps 361
frame 1480000 ep 23319 eps 0.100 avg100 9.63 fps 361
frame 1490000 ep 23453 eps 0.100 avg100 6.81 fps 360
frame 1500000 ep 23563 eps 0.100 avg100 8.26 fps 360
frame 1510000 ep 23661 eps 0.100 avg100 9.15 fps 359
frame 1520000 ep 23786 eps 0.100 avg100 7.01 fps 358
frame 1530000 ep 23937 eps 0.100 avg100 5.86 fps 357
frame 1540000 ep 24039 eps 0.100 avg100 8.85 fps 357
frame 1550000 ep 24137 eps 0.100 avg100 9.44 fps 357
frame 1560000 ep 24253 eps 0.100 avg100 8.02 fps 357
frame 1570000 ep 24361 eps 0.100 avg100 8.60 fps 358
frame 1580000 ep 24478 eps 0.100 avg100 7.70 fps 358
frame 1590000 ep 24598 eps 0.100 avg100 7.88 fps 358
frame 1600000 ep 24721 eps 0.100 avg100 8.96 fps 358
frame 1610000 ep 24855 eps 0.100 avg100 7.02 fps 358
frame 1620000 ep 24958 eps 0.100 avg100 9.34 fps 357
frame 1630000 ep 25050 eps 0.100 avg100 9.75 fps 357
frame 1640000 ep 25162 eps 0.100 avg100 8.44 fps 358
frame 1650000 ep 25282 eps 0.100 avg100 7.22 fps 359
frame 1660000 ep 25388 eps 0.100 avg100 9.37 fps 360
frame 1670000 ep 25485 eps 0.100 avg100 9.76 fps 360
frame 1680000 ep 25585 eps 0.100 avg100 9.03 fps 361
frame 1690000 ep 25704 eps 0.100 avg100 7.76 fps 362
frame 1700000 ep 25819 eps 0.100 avg100 8.24 fps 363
frame 1710000 ep 25936 eps 0.100 avg100 8.66 fps 364
frame 1720000 ep 26030 eps 0.100 avg100 10.36 fps 364
frame 1730000 ep 26150 eps 0.100 avg100 8.23 fps 365
frame 1740000 ep 26288 eps 0.100 avg100 6.47 fps 366
frame 1750000 ep 26399 eps 0.100 avg100 8.21 fps 367
frame 1760000 ep 26522 eps 0.100 avg100 7.27 fps 367
frame 1770000 ep 26640 eps 0.100 avg100 7.73 fps 368
frame 1780000 ep 26756 eps 0.100 avg100 8.42 fps 369
frame 1790000 ep 26873 eps 0.100 avg100 8.02 fps 369
frame 1800000 ep 26988 eps 0.100 avg100 8.32 fps 370
frame 1810000 ep 27121 eps 0.100 avg100 6.90 fps 371
frame 1820000 ep 27232 eps 0.100 avg100 8.16 fps 372
frame 1830000 ep 27342 eps 0.100 avg100 9.08 fps 372
frame 1840000 ep 27452 eps 0.100 avg100 8.69 fps 373
frame 1850000 ep 27567 eps 0.100 avg100 8.48 fps 374
frame 1860000 ep 27678 eps 0.100 avg100 7.81 fps 375
frame 1870000 ep 27792 eps 0.100 avg100 8.45 fps 375
frame 1880000 ep 27898 eps 0.100 avg100 9.48 fps 376
frame 1890000 ep 28013 eps 0.100 avg100 8.73 fps 377
frame 1900000 ep 28136 eps 0.100 avg100 7.60 fps 378
frame 1910000 ep 28257 eps 0.100 avg100 8.94 fps 378
frame 1920000 ep 28368 eps 0.100 avg100 8.13 fps 379
frame 1930000 ep 28480 eps 0.100 avg100 8.82 fps 380
frame 1940000 ep 28578 eps 0.100 avg100 9.62 fps 380
frame 1950000 ep 28683 eps 0.100 avg100 9.23 fps 381
frame 1960000 ep 28782 eps 0.100 avg100 9.46 fps 382
frame 1970000 ep 28874 eps 0.100 avg100 10.24 fps 382
frame 1980000 ep 28978 eps 0.100 avg100 9.65 fps 383
frame 1990000 ep 29085 eps 0.100 avg100 8.91 fps 384
frame 2000000 ep 29191 eps 0.100 avg100 9.41 fps 385
frame 2010000 ep 29293 eps 0.100 avg100 9.36 fps 385
frame 2020000 ep 29409 eps 0.100 avg100 8.24 fps 386
frame 2030000 ep 29515 eps 0.100 avg100 9.15 fps 387
frame 2040000 ep 29645 eps 0.100 avg100 7.34 fps 387
frame 2050000 ep 29753 eps 0.100 avg100 9.45 fps 388
frame 2060000 ep 29850 eps 0.100 avg100 10.06 fps 388
frame 2070000 ep 29969 eps 0.100 avg100 7.63 fps 389
frame 2080000 ep 30099 eps 0.100 avg100 6.64 fps 389
frame 2090000 ep 30196 eps 0.100 avg100 9.49 fps 390
frame 2100000 ep 30297 eps 0.100 avg100 9.61 fps 391
frame 2110000 ep 30394 eps 0.100 avg100 10.13 fps 391
frame 2120000 ep 30508 eps 0.100 avg100 8.64 fps 392
frame 2130000 ep 30609 eps 0.100 avg100 9.62 fps 393
frame 2140000 ep 30706 eps 0.100 avg100 9.43 fps 393
frame 2150000 ep 30798 eps 0.100 avg100 9.67 fps 394
frame 2160000 ep 30899 eps 0.100 avg100 9.50 fps 395
frame 2170000 ep 30997 eps 0.100 avg100 9.80 fps 395
frame 2180000 ep 31081 eps 0.100 avg100 11.75 fps 396
frame 2190000 ep 31192 eps 0.100 avg100 8.50 fps 396
frame 2200000 ep 31286 eps 0.100 avg100 10.18 fps 397
frame 2210000 ep 31403 eps 0.100 avg100 7.92 fps 398
frame 2220000 ep 31511 eps 0.100 avg100 8.98 fps 398
frame 2230000 ep 31607 eps 0.100 avg100 10.01 fps 399
frame 2240000 ep 31711 eps 0.100 avg100 9.52 fps 400
frame 2250000 ep 31836 eps 0.100 avg100 7.52 fps 400
frame 2260000 ep 31970 eps 0.100 avg100 7.01 fps 401
frame 2270000 ep 32073 eps 0.100 avg100 9.62 fps 401
frame 2280000 ep 32192 eps 0.100 avg100 8.08 fps 402
frame 2290000 ep 32292 eps 0.100 avg100 9.87 fps 402
frame 2300000 ep 32397 eps 0.100 avg100 9.23 fps 403
frame 2310000 ep 32517 eps 0.100 avg100 8.49 fps 404
frame 2320000 ep 32631 eps 0.100 avg100 8.62 fps 404
frame 2330000 ep 32720 eps 0.100 avg100 11.14 fps 405
frame 2340000 ep 32837 eps 0.100 avg100 8.34 fps 405
frame 2350000 ep 32945 eps 0.100 avg100 9.06 fps 406
frame 2360000 ep 33062 eps 0.100 avg100 8.34 fps 407
frame 2370000 ep 33167 eps 0.100 avg100 9.35 fps 407
frame 2380000 ep 33267 eps 0.100 avg100 9.95 fps 408
frame 2390000 ep 33381 eps 0.100 avg100 8.87 fps 408
frame 2400000 ep 33497 eps 0.100 avg100 8.27 fps 409
frame 2410000 ep 33608 eps 0.100 avg100 8.34 fps 409
frame 2420000 ep 33726 eps 0.100 avg100 8.42 fps 410
frame 2430000 ep 33840 eps 0.100 avg100 7.89 fps 410
frame 2440000 ep 33950 eps 0.100 avg100 8.56 fps 410
frame 2450000 ep 34049 eps 0.100 avg100 9.58 fps 411
frame 2460000 ep 34169 eps 0.100 avg100 7.32 fps 411
frame 2470000 ep 34296 eps 0.100 avg100 6.77 fps 412
frame 2480000 ep 34419 eps 0.100 avg100 8.46 fps 412
frame 2490000 ep 34535 eps 0.100 avg100 8.07 fps 413
frame 2500000 ep 34642 eps 0.100 avg100 8.91 fps 413
frame 2510000 ep 34759 eps 0.100 avg100 7.83 fps 414
frame 2520000 ep 34871 eps 0.100 avg100 8.69 fps 414
frame 2530000 ep 35015 eps 0.100 avg100 6.34 fps 415
frame 2540000 ep 35118 eps 0.100 avg100 9.16 fps 415
frame 2550000 ep 35220 eps 0.100 avg100 9.74 fps 416
frame 2560000 ep 35323 eps 0.100 avg100 9.47 fps 416
frame 2570000 ep 35420 eps 0.100 avg100 10.22 fps 417
frame 2580000 ep 35518 eps 0.100 avg100 10.65 fps 417
frame 2590000 ep 35621 eps 0.100 avg100 9.29 fps 417
frame 2600000 ep 35716 eps 0.100 avg100 9.71 fps 418
frame 2610000 ep 35819 eps 0.100 avg100 9.48 fps 418
frame 2620000 ep 35951 eps 0.100 avg100 7.48 fps 419
frame 2630000 ep 36064 eps 0.100 avg100 8.11 fps 419
frame 2640000 ep 36172 eps 0.100 avg100 9.17 fps 420
frame 2650000 ep 36274 eps 0.100 avg100 9.57 fps 420
frame 2660000 ep 36395 eps 0.100 avg100 8.05 fps 421
frame 2670000 ep 36515 eps 0.100 avg100 8.72 fps 421
frame 2680000 ep 36634 eps 0.100 avg100 8.24 fps 422
frame 2690000 ep 36744 eps 0.100 avg100 9.12 fps 422
frame 2700000 ep 36849 eps 0.100 avg100 9.62 fps 423
frame 2710000 ep 36953 eps 0.100 avg100 9.81 fps 423
frame 2720000 ep 37042 eps 0.100 avg100 10.67 fps 424
frame 2730000 ep 37146 eps 0.100 avg100 9.04 fps 424
frame 2740000 ep 37259 eps 0.100 avg100 9.27 fps 425
frame 2750000 ep 37381 eps 0.100 avg100 7.27 fps 425
frame 2760000 ep 37470 eps 0.100 avg100 10.68 fps 426
frame 2770000 ep 37591 eps 0.100 avg100 7.93 fps 426
frame 2780000 ep 37722 eps 0.100 avg100 8.18 fps 427
frame 2790000 ep 37819 eps 0.100 avg100 10.41 fps 427
frame 2800000 ep 37949 eps 0.100 avg100 6.92 fps 427
frame 2810000 ep 38069 eps 0.100 avg100 8.48 fps 428
frame 2820000 ep 38163 eps 0.100 avg100 10.50 fps 428
frame 2830000 ep 38277 eps 0.100 avg100 8.39 fps 429
frame 2840000 ep 38386 eps 0.100 avg100 8.45 fps 429
frame 2850000 ep 38498 eps 0.100 avg100 8.45 fps 430
frame 2860000 ep 38601 eps 0.100 avg100 9.39 fps 430
frame 2870000 ep 38721 eps 0.100 avg100 8.27 fps 430
frame 2880000 ep 38841 eps 0.100 avg100 8.54 fps 430
frame 2890000 ep 38965 eps 0.100 avg100 7.72 fps 430
frame 2900000 ep 39065 eps 0.100 avg100 10.49 fps 430
frame 2910000 ep 39196 eps 0.100 avg100 7.79 fps 430
frame 2920000 ep 39305 eps 0.100 avg100 9.06 fps 430
frame 2930000 ep 39400 eps 0.100 avg100 10.55 fps 430
frame 2940000 ep 39504 eps 0.100 avg100 9.25 fps 430
frame 2950000 ep 39619 eps 0.100 avg100 8.56 fps 430
frame 2960000 ep 39732 eps 0.100 avg100 8.56 fps 430
frame 2970000 ep 39850 eps 0.100 avg100 7.97 fps 431
frame 2980000 ep 39983 eps 0.100 avg100 7.25 fps 431
frame 2990000 ep 40080 eps 0.100 avg100 10.02 fps 431
frame 3000000 ep 40184 eps 0.100 avg100 9.20 fps 432
frame 3010000 ep 40293 eps 0.100 avg100 8.67 fps 432
frame 3020000 ep 40403 eps 0.100 avg100 8.90 fps 433
frame 3030000 ep 40504 eps 0.100 avg100 9.13 fps 433
frame 3040000 ep 40607 eps 0.100 avg100 9.41 fps 433
frame 3050000 ep 40733 eps 0.100 avg100 7.92 fps 434
frame 3060000 ep 40852 eps 0.100 avg100 8.37 fps 434
frame 3070000 ep 40941 eps 0.100 avg100 10.82 fps 435
frame 3080000 ep 41055 eps 0.100 avg100 8.56 fps 435
frame 3090000 ep 41166 eps 0.100 avg100 8.46 fps 435
frame 3100000 ep 41278 eps 0.100 avg100 8.46 fps 436
frame 3110000 ep 41391 eps 0.100 avg100 8.27 fps 436
frame 3120000 ep 41490 eps 0.100 avg100 9.53 fps 437
frame 3130000 ep 41590 eps 0.100 avg100 9.86 fps 437
frame 3140000 ep 41687 eps 0.100 avg100 10.19 fps 437
frame 3150000 ep 41792 eps 0.100 avg100 9.70 fps 438
frame 3160000 ep 41911 eps 0.100 avg100 8.38 fps 438
frame 3170000 ep 42013 eps 0.100 avg100 9.73 fps 439
frame 3180000 ep 42109 eps 0.100 avg100 9.69 fps 439
frame 3190000 ep 42208 eps 0.100 avg100 9.52 fps 439
frame 3200000 ep 42314 eps 0.100 avg100 9.44 fps 440
frame 3210000 ep 42431 eps 0.100 avg100 8.48 fps 440
frame 3220000 ep 42527 eps 0.100 avg100 9.99 fps 441
frame 3230000 ep 42640 eps 0.100 avg100 8.89 fps 441
frame 3240000 ep 42738 eps 0.100 avg100 10.11 fps 441
frame 3250000 ep 42845 eps 0.100 avg100 9.03 fps 442
frame 3260000 ep 42957 eps 0.100 avg100 7.89 fps 442
frame 3270000 ep 43074 eps 0.100 avg100 8.13 fps 442
frame 3280000 ep 43189 eps 0.100 avg100 7.58 fps 443
frame 3290000 ep 43313 eps 0.100 avg100 8.18 fps 443
frame 3300000 ep 43431 eps 0.100 avg100 7.13 fps 443
frame 3310000 ep 43541 eps 0.100 avg100 8.20 fps 444
frame 3320000 ep 43643 eps 0.100 avg100 9.70 fps 444
frame 3330000 ep 43755 eps 0.100 avg100 9.00 fps 444
frame 3340000 ep 43868 eps 0.100 avg100 8.72 fps 445
frame 3350000 ep 43983 eps 0.100 avg100 8.67 fps 445
frame 3360000 ep 44108 eps 0.100 avg100 8.26 fps 446
frame 3370000 ep 44197 eps 0.100 avg100 10.57 fps 446
frame 3380000 ep 44307 eps 0.100 avg100 8.39 fps 446
frame 3390000 ep 44424 eps 0.100 avg100 8.00 fps 447
frame 3400000 ep 44523 eps 0.100 avg100 9.39 fps 447
frame 3410000 ep 44617 eps 0.100 avg100 10.34 fps 447
frame 3420000 ep 44745 eps 0.100 avg100 7.60 fps 448
frame 3430000 ep 44866 eps 0.100 avg100 7.91 fps 448
frame 3440000 ep 44973 eps 0.100 avg100 9.45 fps 448
frame 3450000 ep 45074 eps 0.100 avg100 9.27 fps 449
frame 3460000 ep 45191 eps 0.100 avg100 8.34 fps 449
frame 3470000 ep 45274 eps 0.100 avg100 11.16 fps 449
frame 3480000 ep 45387 eps 0.100 avg100 8.85 fps 449
frame 3490000 ep 45461 eps 0.100 avg100 11.99 fps 450
frame 3500000 ep 45575 eps 0.100 avg100 8.43 fps 450
frame 3510000 ep 45678 eps 0.100 avg100 8.89 fps 450
frame 3520000 ep 45791 eps 0.100 avg100 8.68 fps 451
frame 3530000 ep 45882 eps 0.100 avg100 10.30 fps 451
frame 3540000 ep 45990 eps 0.100 avg100 9.43 fps 451
frame 3550000 ep 46084 eps 0.100 avg100 10.53 fps 452
frame 3560000 ep 46201 eps 0.100 avg100 8.16 fps 452
frame 3570000 ep 46285 eps 0.100 avg100 11.08 fps 452
frame 3580000 ep 46388 eps 0.100 avg100 9.47 fps 453
frame 3590000 ep 46487 eps 0.100 avg100 9.75 fps 453
frame 3600000 ep 46595 eps 0.100 avg100 8.24 fps 453
frame 3610000 ep 46697 eps 0.100 avg100 9.26 fps 454
frame 3620000 ep 46797 eps 0.100 avg100 9.74 fps 454
frame 3630000 ep 46926 eps 0.100 avg100 6.96 fps 454
frame 3640000 ep 47027 eps 0.100 avg100 9.61 fps 454
frame 3650000 ep 47128 eps 0.100 avg100 9.41 fps 455
frame 3660000 ep 47224 eps 0.100 avg100 10.04 fps 455
frame 3670000 ep 47338 eps 0.100 avg100 8.21 fps 455
frame 3680000 ep 47459 eps 0.100 avg100 7.49 fps 456
frame 3690000 ep 47548 eps 0.100 avg100 10.73 fps 456
frame 3700000 ep 47652 eps 0.100 avg100 9.10 fps 456
frame 3710000 ep 47756 eps 0.100 avg100 10.24 fps 457
frame 3720000 ep 47878 eps 0.100 avg100 7.98 fps 457
frame 3730000 ep 47992 eps 0.100 avg100 8.01 fps 457
frame 3740000 ep 48101 eps 0.100 avg100 8.52 fps 457
frame 3750000 ep 48196 eps 0.100 avg100 10.33 fps 458
frame 3760000 ep 48301 eps 0.100 avg100 9.65 fps 458
frame 3770000 ep 48396 eps 0.100 avg100 10.29 fps 458
frame 3780000 ep 48501 eps 0.100 avg100 8.87 fps 459
frame 3790000 ep 48603 eps 0.100 avg100 9.56 fps 459
frame 3800000 ep 48698 eps 0.100 avg100 10.24 fps 459
frame 3810000 ep 48796 eps 0.100 avg100 10.33 fps 459
frame 3820000 ep 48899 eps 0.100 avg100 9.57 fps 460
frame 3830000 ep 49010 eps 0.100 avg100 8.21 fps 460
frame 3840000 ep 49114 eps 0.100 avg100 9.00 fps 460
frame 3850000 ep 49245 eps 0.100 avg100 6.83 fps 460
frame 3860000 ep 49344 eps 0.100 avg100 9.70 fps 461
frame 3870000 ep 49448 eps 0.100 avg100 9.40 fps 461
frame 3880000 ep 49560 eps 0.100 avg100 8.01 fps 461
frame 3890000 ep 49655 eps 0.100 avg100 9.57 fps 461
frame 3900000 ep 49767 eps 0.100 avg100 8.87 fps 462
frame 3910000 ep 49879 eps 0.100 avg100 9.16 fps 462
frame 3920000 ep 49995 eps 0.100 avg100 7.56 fps 462
frame 3930000 ep 50110 eps 0.100 avg100 8.02 fps 463
frame 3940000 ep 50230 eps 0.100 avg100 8.07 fps 463
frame 3950000 ep 50348 eps 0.100 avg100 8.50 fps 463
frame 3960000 ep 50472 eps 0.100 avg100 8.29 fps 463
frame 3970000 ep 50582 eps 0.100 avg100 9.55 fps 464
frame 3980000 ep 50686 eps 0.100 avg100 9.52 fps 464
frame 3990000 ep 50803 eps 0.100 avg100 7.87 fps 464
frame 4000000 ep 50897 eps 0.100 avg100 10.03 fps 465
frame 4010000 ep 51013 eps 0.100 avg100 8.76 fps 465
frame 4020000 ep 51127 eps 0.100 avg100 8.49 fps 465
frame 4030000 ep 51246 eps 0.100 avg100 7.90 fps 465
frame 4040000 ep 51358 eps 0.100 avg100 8.02 fps 466
frame 4050000 ep 51468 eps 0.100 avg100 8.25 fps 466
frame 4060000 ep 51606 eps 0.100 avg100 6.40 fps 466
frame 4070000 ep 51720 eps 0.100 avg100 7.77 fps 466
frame 4080000 ep 51842 eps 0.100 avg100 7.85 fps 467
frame 4090000 ep 51971 eps 0.100 avg100 7.51 fps 467
frame 4100000 ep 52088 eps 0.100 avg100 7.57 fps 467
frame 4110000 ep 52212 eps 0.100 avg100 7.69 fps 468
frame 4120000 ep 52330 eps 0.100 avg100 8.23 fps 468
frame 4130000 ep 52443 eps 0.100 avg100 8.68 fps 468
frame 4140000 ep 52540 eps 0.100 avg100 9.95 fps 468
frame 4150000 ep 52654 eps 0.100 avg100 8.87 fps 469
frame 4160000 ep 52764 eps 0.100 avg100 7.97 fps 469
frame 4170000 ep 52880 eps 0.100 avg100 8.21 fps 469
frame 4180000 ep 52996 eps 0.100 avg100 8.90 fps 469
frame 4190000 ep 53114 eps 0.100 avg100 8.01 fps 470
frame 4200000 ep 53227 eps 0.100 avg100 8.21 fps 470
frame 4210000 ep 53340 eps 0.100 avg100 8.05 fps 470
frame 4220000 ep 53448 eps 0.100 avg100 7.99 fps 471
frame 4230000 ep 53579 eps 0.100 avg100 7.27 fps 471
frame 4240000 ep 53699 eps 0.100 avg100 8.23 fps 471
frame 4250000 ep 53793 eps 0.100 avg100 10.41 fps 471
frame 4260000 ep 53901 eps 0.100 avg100 8.74 fps 471
frame 4270000 ep 54023 eps 0.100 avg100 8.31 fps 472
frame 4280000 ep 54141 eps 0.100 avg100 8.21 fps 472
frame 4290000 ep 54249 eps 0.100 avg100 8.90 fps 472
frame 4300000 ep 54351 eps 0.100 avg100 9.45 fps 472
frame 4310000 ep 54469 eps 0.100 avg100 8.17 fps 473
frame 4320000 ep 54575 eps 0.100 avg100 9.31 fps 473
frame 4330000 ep 54712 eps 0.100 avg100 7.12 fps 473
frame 4340000 ep 54843 eps 0.100 avg100 7.43 fps 473
frame 4350000 ep 54955 eps 0.100 avg100 8.71 fps 474
frame 4360000 ep 55053 eps 0.100 avg100 9.81 fps 474
frame 4370000 ep 55157 eps 0.100 avg100 9.48 fps 474
frame 4380000 ep 55266 eps 0.100 avg100 8.83 fps 474
frame 4390000 ep 55382 eps 0.100 avg100 8.26 fps 474
frame 4400000 ep 55488 eps 0.100 avg100 9.30 fps 475
frame 4410000 ep 55577 eps 0.100 avg100 10.79 fps 475
frame 4420000 ep 55684 eps 0.100 avg100 9.05 fps 475
frame 4430000 ep 55806 eps 0.100 avg100 8.44 fps 475
frame 4440000 ep 55939 eps 0.100 avg100 6.54 fps 476
frame 4450000 ep 56048 eps 0.100 avg100 9.22 fps 476
frame 4460000 ep 56162 eps 0.100 avg100 9.04 fps 476
frame 4470000 ep 56256 eps 0.100 avg100 10.32 fps 476
frame 4480000 ep 56392 eps 0.100 avg100 6.97 fps 477
frame 4490000 ep 56512 eps 0.100 avg100 8.58 fps 477
frame 4500000 ep 56615 eps 0.100 avg100 8.32 fps 477
frame 4510000 ep 56721 eps 0.100 avg100 9.01 fps 477
frame 4520000 ep 56824 eps 0.100 avg100 9.62 fps 477
frame 4530000 ep 56951 eps 0.100 avg100 7.61 fps 478
frame 4540000 ep 57062 eps 0.100 avg100 9.02 fps 478
frame 4550000 ep 57184 eps 0.100 avg100 7.32 fps 478
frame 4560000 ep 57300 eps 0.100 avg100 8.35 fps 478
frame 4570000 ep 57404 eps 0.100 avg100 9.30 fps 479
frame 4580000 ep 57518 eps 0.100 avg100 7.82 fps 479
frame 4590000 ep 57635 eps 0.100 avg100 8.59 fps 479
frame 4600000 ep 57732 eps 0.100 avg100 10.12 fps 479
frame 4610000 ep 57846 eps 0.100 avg100 8.39 fps 480
frame 4620000 ep 57963 eps 0.100 avg100 8.59 fps 480
frame 4630000 ep 58063 eps 0.100 avg100 9.52 fps 480
frame 4640000 ep 58178 eps 0.100 avg100 8.73 fps 480
frame 4650000 ep 58302 eps 0.100 avg100 6.58 fps 481
frame 4660000 ep 58404 eps 0.100 avg100 9.70 fps 481
frame 4670000 ep 58505 eps 0.100 avg100 9.86 fps 481
frame 4680000 ep 58618 eps 0.100 avg100 9.25 fps 481
frame 4690000 ep 58723 eps 0.100 avg100 9.09 fps 481
frame 4700000 ep 58837 eps 0.100 avg100 7.82 fps 482
frame 4710000 ep 58943 eps 0.100 avg100 9.01 fps 482
frame 4720000 ep 59058 eps 0.100 avg100 9.10 fps 482
frame 4730000 ep 59166 eps 0.100 avg100 8.95 fps 482
frame 4740000 ep 59265 eps 0.100 avg100 9.95 fps 483
frame 4750000 ep 59374 eps 0.100 avg100 8.79 fps 483
frame 4760000 ep 59479 eps 0.100 avg100 9.21 fps 483
frame 4770000 ep 59595 eps 0.100 avg100 8.39 fps 483
frame 4780000 ep 59696 eps 0.100 avg100 9.47 fps 483
frame 4790000 ep 59810 eps 0.100 avg100 8.57 fps 483
frame 4800000 ep 59913 eps 0.100 avg100 9.68 fps 484
frame 4810000 ep 60044 eps 0.100 avg100 7.48 fps 484
frame 4820000 ep 60163 eps 0.100 avg100 7.91 fps 484
frame 4830000 ep 60295 eps 0.100 avg100 7.42 fps 484
frame 4840000 ep 60419 eps 0.100 avg100 8.35 fps 484
frame 4850000 ep 60549 eps 0.100 avg100 7.14 fps 485
frame 4860000 ep 60664 eps 0.100 avg100 8.20 fps 485
frame 4870000 ep 60767 eps 0.100 avg100 9.73 fps 485
frame 4880000 ep 60896 eps 0.100 avg100 8.10 fps 485
frame 4890000 ep 60990 eps 0.100 avg100 10.61 fps 485
frame 4900000 ep 61097 eps 0.100 avg100 9.09 fps 485
frame 4910000 ep 61226 eps 0.100 avg100 8.20 fps 486
frame 4920000 ep 61340 eps 0.100 avg100 8.75 fps 486
frame 4930000 ep 61464 eps 0.100 avg100 7.67 fps 486
frame 4940000 ep 61562 eps 0.100 avg100 9.72 fps 486
frame 4950000 ep 61674 eps 0.100 avg100 8.66 fps 486
frame 4960000 ep 61781 eps 0.100 avg100 8.76 fps 486
frame 4970000 ep 61891 eps 0.100 avg100 8.32 fps 487
frame 4980000 ep 61990 eps 0.100 avg100 9.41 fps 487
frame 4990000 ep 62105 eps 0.100 avg100 9.11 fps 487
frame 5000000 ep 62207 eps 0.100 avg100 9.04 fps 487
