frame 10000 ep 918 eps 0.910 avg100 0.54 fps 1204
frame 20000 ep 1801 eps 0.820 avg100 0.53 fps 809
frame 30000 ep 2560 eps 0.730 avg100 1.09 fps 730
frame 40000 ep 3124 eps 0.640 avg100 1.14 fps 695
frame 50000 ep 3608 eps 0.550 avg100 1.58 fps 677
frame 60000 ep 4066 eps 0.460 avg100 1.67 fps 665
frame 70000 ep 4447 eps 0.370 avg100 2.12 fps 656
frame 80000 ep 4788 eps 0.280 avg100 2.30 fps 650
frame 90000 ep 5103 eps 0.190 avg100 2.70 fps 644
frame 100000 ep 5373 eps 0.100 avg100 3.23 fps 640
frame 110000 ep 5582 eps 0.100 avg100 4.03 fps 636
frame 120000 ep 5788 eps 0.100 avg100 3.86 fps 618
frame 130000 ep 5976 eps 0.100 avg100 4.48 fps 604
frame 140000 ep 6130 eps 0.100 avg100 5.46 fps 597
frame 150000 ep 6300 eps 0.100 avg100 4.55 fps 200
frame 160000 ep 6446 eps 0.100 avg100 5.62 fps 207
frame 170000 ep 6610 eps 0.100 avg100 5.03 fps 214
frame 180000 ep 6756 eps 0.100 avg100 5.26 fps 221
frame 190000 ep 6918 eps 0.100 avg100 5.56 fps 226
frame 200000 ep 7077 eps 0.100 avg100 4.74 fps 233
frame 210000 ep 7222 eps 0.100 avg100 5.66 fps 237
frame 220000 ep 7379 eps 0.100 avg100 5.26 fps 243
frame 230000 ep 7539 eps 0.100 avg100 5.25 fps 248
frame 240000 ep 7688 eps 0.100 avg100 5.62 fps 254
frame 250000 ep 7837 eps 0.100 avg100 5.33 fps 259
frame 260000 ep 7991 eps 0.100 avg100 5.31 fps 264
frame 270000 ep 8134 eps 0.100 avg100 5.78 fps 268
frame 280000 ep 8291 eps 0.100 avg100 4.85 fps 273
frame 290000 ep 8425 eps 0.100 avg100 6.37 fps 277
frame 300000 ep 8554 eps 0.100 avg100 7.18 fps 281
frame 310000 ep 8685 eps 0.100 avg100 5.94 fps 285
frame 320000 ep 8806 eps 0.100 avg100 6.99 fps 289
frame 330000 ep 8922 eps 0.100 avg100 7.41 fps 293
frame 340000 ep 9041 eps 0.100 avg100 7.43 fps 298
frame 350000 ep 9160 eps 0.100 avg100 7.36 fps 302
frame 360000 ep 9281 eps 0.100 avg100 7.27 fps 307
frame 370000 ep 9418 eps 0.100 avg100 6.25 fps 311
frame 380000 ep 9550 eps 0.100 avg100 6.29 fps 315
frame 390000 ep 9683 eps 0.100 avg100 6.74 fps 319
frame 400000 ep 9820 eps 0.100 avg100 5.97 fps 296
frame 410000 ep 9976 eps 0.100 avg100 5.27 fps 300
frame 420000 ep 10110 eps 0.100 avg100 6.66 fps 303
frame 430000 ep 10250 eps 0.100 avg100 6.36 fps 307
frame 440000 ep 10385 eps 0.100 avg100 6.39 fps 310
frame 450000 ep 10511 eps 0.100 avg100 6.91 fps 313
frame 460000 ep 10637 eps 0.100 avg100 6.62 fps 315
frame 470000 ep 10771 eps 0.100 avg100 6.30 fps 317
frame 480000 ep 10893 eps 0.100 avg100 7.11 fps 319
frame 490000 ep 11031 eps 0.100 avg100 6.38 fps 322
frame 500000 ep 11166 eps 0.100 avg100 6.57 fps 324
frame 510000 ep 11298 eps 0.100 avg100 6.56 fps 326
frame 520000 ep 11423 eps 0.100 avg100 7.07 fps 328
frame 530000 ep 11541 eps 0.100 avg100 7.23 fps 330
frame 540000 ep 11672 eps 0.100 avg100 6.73 fps 331
frame 550000 ep 11793 eps 0.100 avg100 6.82 fps 334
frame 560000 ep 11916 eps 0.100 avg100 6.66 fps 336
frame 570000 ep 12048 eps 0.100 avg100 6.63 fps 339
frame 580000 ep 12187 eps 0.100 avg100 6.26 fps 342
frame 590000 ep 12304 eps 0.100 avg100 7.36 fps 336
frame 600000 ep 12424 eps 0.100 avg100 7.17 fps 337
frame 610000 ep 12533 eps 0.100 avg100 7.96 fps 335
frame 620000 ep 12662 eps 0.100 avg100 6.04 fps 322
frame 630000 ep 12787 eps 0.100 avg100 6.99 fps 299
frame 640000 ep 12904 eps 0.100 avg100 7.73 fps 302
frame 650000 ep 13047 eps 0.100 avg100 6.17 fps 304
frame 660000 ep 13172 eps 0.100 avg100 7.11 fps 306
frame 670000 ep 13294 eps 0.100 avg100 7.14 fps 308
frame 680000 ep 13406 eps 0.100 avg100 7.48 fps 310
frame 690000 ep 13535 eps 0.100 avg100 6.47 fps 313
frame 700000 ep 13669 eps 0.100 avg100 5.58 fps 315
frame 710000 ep 13775 eps 0.100 avg100 8.19 fps 317
frame 720000 ep 13909 eps 0.100 avg100 6.56 fps 319
frame 730000 ep 14015 eps 0.100 avg100 7.82 fps 320
frame 740000 ep 14133 eps 0.100 avg100 7.25 fps 322
frame 750000 ep 14248 eps 0.100 avg100 7.88 fps 323
frame 760000 ep 14372 eps 0.100 avg100 7.08 fps 324
frame 770000 ep 14479 eps 0.100 avg100 8.32 fps 326
frame 780000 ep 14591 eps 0.100 avg100 7.84 fps 327
frame 790000 ep 14702 eps 0.100 avg100 7.84 fps 328
frame 800000 ep 14798 eps 0.100 avg100 8.65 fps 330
frame 810000 ep 14918 eps 0.100 avg100 6.54 fps 331
frame 820000 ep 15020 eps 0.100 avg100 8.69 fps 332
frame 830000 ep 15121 eps 0.100 avg100 8.40 fps 333
frame 840000 ep 15236 eps 0.100 avg100 7.18 fps 334
frame 850000 ep 15351 eps 0.100 avg100 7.69 fps 335
frame 860000 ep 15455 eps 0.100 avg100 8.35 fps 337
frame 870000 ep 15567 eps 0.100 avg100 7.38 fps 339
frame 880000 ep 15675 eps 0.100 avg100 8.32 fps 341
frame 890000 ep 15793 eps 0.100 avg100 7.84 fps 342
frame 900000 ep 15905 eps 0.100 avg100 8.02 fps 344
frame 910000 ep 16030 eps 0.100 avg100 7.21 fps 346
frame 920000 ep 16162 eps 0.100 avg100 6.09 fps 347
frame 930000 ep 16256 eps 0.100 avg100 9.13 fps 349
frame 940000 ep 16366 eps 0.100 avg100 7.85 fps 351
frame 950000 ep 16448 eps 0.100 avg100 9.89 fps 352
frame 960000 ep 16552 eps 0.100 avg100 7.91 fps 352
frame 970000 ep 16663 eps 0.100 avg100 7.84 fps 353
frame 980000 ep 16786 eps 0.100 avg100 6.98 fps 353
frame 990000 ep 16900 eps 0.100 avg100 7.48 fps 352
frame 1000000 ep 17033 eps 0.100 avg100 6.67 fps 352
frame 1010000 ep 17147 eps 0.100 avg100 7.35 fps 350
frame 1020000 ep 17254 eps 0.100 avg100 8.12 fps 349
frame 1030000 ep 17384 eps 0.100 avg100 6.06 fps 349
frame 1040000 ep 17504 eps 0.100 avg100 7.01 fps 348
frame 1050000 ep 17621 eps 0.100 avg100 7.51 fps 347
frame 1060000 ep 17730 eps 0.100 avg100 8.04 fps 347
frame 1070000 ep 17833 eps 0.100 avg100 8.62 fps 346
frame 1080000 ep 17950 eps 0.100 avg100 7.56 fps 346
frame 1090000 ep 18065 eps 0.100 avg100 8.34 fps 345
frame 1100000 ep 18200 eps 0.100 avg100 6.48 fps 344
frame 1110000 ep 18317 eps 0.100 avg100 8.09 fps 343
frame 1120000 ep 18438 eps 0.100 avg100 7.30 fps 344
frame 1130000 ep 18545 eps 0.100 avg100 9.02 fps 344
frame 1140000 ep 18641 eps 0.100 avg100 9.58 fps 344
frame 1150000 ep 18755 eps 0.100 avg100 8.10 fps 345
frame 1160000 ep 18872 eps 0.100 avg100 7.34 fps 345
frame 1170000 ep 18978 eps 0.100 avg100 8.41 fps 345
frame 1180000 ep 19093 eps 0.100 avg100 7.37 fps 345
frame 1190000 ep 19204 eps 0.100 avg100 8.31 fps 345
frame 1200000 ep 19311 eps 0.100 avg100 8.32 fps 345
frame 1210000 ep 19423 eps 0.100 avg100 7.60 fps 346
frame 1220000 ep 19517 eps 0.100 avg100 9.03 fps 347
frame 1230000 ep 19612 eps 0.100 avg100 9.28 fps 348
frame 1240000 ep 19723 eps 0.100 avg100 7.56 fps 349
frame 1250000 ep 19827 eps 0.100 avg100 8.59 fps 350
frame 1260000 ep 19928 eps 0.100 avg100 8.45 fps 351
frame 1270000 ep 20036 eps 0.100 avg100 7.90 fps 352
frame 1280000 ep 20147 eps 0.100 avg100 7.89 fps 353
frame 1290000 ep 20270 eps 0.100 avg100 7.30 fps 354
frame 1300000 ep 20374 eps 0.100 avg100 8.53 fps 355
frame 1310000 ep 20478 eps 0.100 avg100 8.06 fps 356
frame 1320000 ep 20594 eps 0.100 avg100 7.40 fps 357
frame 1330000 ep 20699 eps 0.100 avg100 8.87 fps 358
frame 1340000 ep 20805 eps 0.100 avg100 7.85 fps 359
frame 1350000 ep 20910 eps 0.100 avg100 8.10 fps 360
frame 1360000 ep 21029 eps 0.100 avg100 7.57 fps 361
frame 1370000 ep 21161 eps 0.100 avg100 6.71 fps 362
frame 1380000 ep 21280 eps 0.100 avg100 8.19 fps 363
frame 1390000 ep 21392 eps 0.100 avg100 8.23 fps 364
frame 1400000 ep 21501 eps 0.100 avg100 7.93 fps 365
frame 1410000 ep 21610 eps 0.100 avg100 8.74 fps 366
frame 1420000 ep 21720 eps 0.100 avg100 8.50 fps 367
frame 1430000 ep 21830 eps 0.100 avg100 8.39 fps 368
frame 1440000 ep 21926 eps 0.100 avg100 9.87 fps 369
frame 1450000 ep 22046 eps 0.100 avg100 7.64 fps 370
frame 1460000 ep 22150 eps 0.100 avg100 8.15 fps 371
frame 1470000 ep 22249 eps 0.100 avg100 9.28 fps 372
frame 1480000 ep 22359 eps 0.100 avg100 8.33 fps 372
frame 1490000 ep 22455 eps 0.100 avg100 9.93 fps 373
frame 1500000 ep 22567 eps 0.100 avg100 7.94 fps 374
frame 1510000 ep 22683 eps 0.100 avg100 7.83 fps 375
frame 1520000 ep 22797 eps 0.100 avg100 7.54 fps 376
frame 1530000 ep 22892 eps 0.100 avg100 9.73 fps 377
frame 1540000 ep 23006 eps 0.100 avg100 7.92 fps 378
frame 1550000 ep 23116 eps 0.100 avg100 8.46 fps 379
frame 1560000 ep 23220 eps 0.100 avg100 9.40 fps 380
frame 1570000 ep 23350 eps 0.100 avg100 7.03 fps 381
frame 1580000 ep 23461 eps 0.100 avg100 8.58 fps 381
frame 1590000 ep 23574 eps 0.100 avg100 8.92 fps 382
frame 1600000 ep 23699 eps 0.100 avg100 7.31 fps 383
frame 1610000 ep 23811 eps 0.100 avg100 7.75 fps 384
frame 1620000 ep 23910 eps 0.100 avg100 9.57 fps 385
frame 1630000 ep 24016 eps 0.100 avg100 9.10 fps 385
frame 1640000 ep 24118 eps 0.100 avg100 9.10 fps 386
frame 1650000 ep 24243 eps 0.100 avg100 7.57 fps 387
frame 1660000 ep 24348 eps 0.100 avg100 8.87 fps 388
frame 1670000 ep 24465 eps 0.100 avg100 8.69 fps 388
frame 1680000 ep 24563 eps 0.100 avg100 10.04 fps 389
frame 1690000 ep 24692 eps 0.100 avg100 7.13 fps 390
frame 1700000 ep 24797 eps 0.100 avg100 8.94 fps 391
frame 1710000 ep 24892 eps 0.100 avg100 10.29 fps 392
frame 1720000 ep 25013 eps 0.100 avg100 8.21 fps 392
frame 1730000 ep 25121 eps 0.100 avg100 9.42 fps 393
frame 1740000 ep 25258 eps 0.100 avg100 6.42 fps 394
frame 1750000 ep 25371 eps 0.100 avg100 7.97 fps 395
frame 1760000 ep 25475 eps 0.100 avg100 9.55 fps 396
frame 1770000 ep 25575 eps 0.100 avg100 9.11 fps 396
frame 1780000 ep 25683 eps 0.100 avg100 7.79 fps 397
frame 1790000 ep 25792 eps 0.100 avg100 8.34 fps 398
frame 1800000 ep 25899 eps 0.100 avg100 8.96 fps 399
frame 1810000 ep 25987 eps 0.100 avg100 9.93 fps 399
frame 1820000 ep 26114 eps 0.100 avg100 7.43 fps 400
frame 1830000 ep 26242 eps 0.100 avg100 7.98 fps 401
frame 1840000 ep 26353 eps 0.100 avg100 8.75 fps 402
frame 1850000 ep 26468 eps 0.100 avg100 8.98 fps 402
frame 1860000 ep 26579 eps 0.100 avg100 8.67 fps 403
frame 1870000 ep 26686 eps 0.100 avg100 9.53 fps 404
frame 1880000 ep 26797 eps 0.100 avg100 8.20 fps 404
frame 1890000 ep 26896 eps 0.100 avg100 10.14 fps 405
frame 1900000 ep 26999 eps 0.100 avg100 9.16 fps 406
frame 1910000 ep 27092 eps 0.100 avg100 10.75 fps 406
frame 1920000 ep 27199 eps 0.100 avg100 9.20 fps 407
frame 1930000 ep 27301 eps 0.100 avg100 9.89 fps 408
frame 1940000 ep 27400 eps 0.100 avg100 9.71 fps 408
frame 1950000 ep 27492 eps 0.100 avg100 10.84 fps 409
frame 1960000 ep 27608 eps 0.100 avg100 8.57 fps 410
frame 1970000 ep 27715 eps 0.100 avg100 9.36 fps 410
frame 1980000 ep 27841 eps 0.100 avg100 6.60 fps 411
frame 1990000 ep 27935 eps 0.100 avg100 10.79 fps 411
frame 2000000 ep 28039 eps 0.100 avg100 9.51 fps 412
frame 2010000 ep 28130 eps 0.100 avg100 10.97 fps 413
frame 2020000 ep 28230 eps 0.100 avg100 9.76 fps 413
frame 2030000 ep 28336 eps 0.100 avg100 9.11 fps 414
frame 2040000 ep 28432 eps 0.100 avg100 10.67 fps 414
frame 2050000 ep 28545 eps 0.100 avg100 8.81 fps 415
frame 2060000 ep 28662 eps 0.100 avg100 7.47 fps 415
frame 2070000 ep 28764 eps 0.100 avg100 9.67 fps 416
frame 2080000 ep 28878 eps 0.100 avg100 8.62 fps 416
frame 2090000 ep 28997 eps 0.100 avg100 8.10 fps 417
frame 2100000 ep 29088 eps 0.100 avg100 11.19 fps 417
frame 2110000 ep 29200 eps 0.100 avg100 9.15 fps 418
frame 2120000 ep 29297 eps 0.100 avg100 9.68 fps 419
frame 2130000 ep 29417 eps 0.100 avg100 8.13 fps 419
frame 2140000 ep 29522 eps 0.100 avg100 9.57 fps 420
frame 2150000 ep 29631 eps 0.100 avg100 8.77 fps 420
frame 2160000 ep 29740 eps 0.100 avg100 9.09 fps 421
frame 2170000 ep 29867 eps 0.100 avg100 7.66 fps 421
frame 2180000 ep 29969 eps 0.100 avg100 9.85 fps 422
frame 2190000 ep 30066 eps 0.100 avg100 9.56 fps 422
frame 2200000 ep 30170 eps 0.100 avg100 8.64 fps 423
frame 2210000 ep 30292 eps 0.100 avg100 8.25 fps 424
frame 2220000 ep 30393 eps 0.100 avg100 9.88 fps 424
frame 2230000 ep 30492 eps 0.100 avg100 9.59 fps 425
frame 2240000 ep 30596 eps 0.100 avg100 9.45 fps 425
frame 2250000 ep 30704 eps 0.100 avg100 8.99 fps 426
frame 2260000 ep 30817 eps 0.100 avg100 8.46 fps 426
frame 2270000 ep 30929 eps 0.100 avg100 8.42 fps 427
frame 2280000 ep 31006 eps 0.100 avg100 11.69 fps 428
frame 2290000 ep 31102 eps 0.100 avg100 10.84 fps 428
frame 2300000 ep 31201 eps 0.100 avg100 9.64 fps 429
frame 2310000 ep 31316 eps 0.100 avg100 8.34 fps 429
frame 2320000 ep 31421 eps 0.100 avg100 9.43 fps 430
frame 2330000 ep 31522 eps 0.100 avg100 9.09 fps 430
frame 2340000 ep 31632 eps 0.100 avg100 9.02 fps 431
frame 2350000 ep 31734 eps 0.100 avg100 9.36 fps 431
frame 2360000 ep 31832 eps 0.100 avg100 9.35 fps 432
frame 2370000 ep 31934 eps 0.100 avg100 8.91 fps 432
frame 2380000 ep 32033 eps 0.100 avg100 9.62 fps 433
frame 2390000 ep 32140 eps 0.100 avg100 9.06 fps 434
frame 2400000 ep 32230 eps 0.100 avg100 10.57 fps 434
frame 2410000 ep 32316 eps 0.100 avg100 10.75 fps 435
frame 2420000 ep 32415 eps 0.100 avg100 9.95 fps 435
frame 2430000 ep 32518 eps 0.100 avg100 9.77 fps 435
frame 2440000 ep 32624 eps 0.100 avg100 9.61 fps 435
frame 2450000 ep 32723 eps 0.100 avg100 9.41 fps 435
frame 2460000 ep 32830 eps 0.100 avg100 9.06 fps 435
frame 2470000 ep 32934 eps 0.100 avg100 9.54 fps 435
frame 2480000 ep 33021 eps 0.100 avg100 11.37 fps 435
frame 2490000 ep 33126 eps 0.100 avg100 9.33 fps 435
frame 2500000 ep 33237 eps 0.100 avg100 8.32 fps 435
frame 2510000 ep 33321 eps 0.100 avg100 10.38 fps 435
frame 2520000 ep 33421 eps 0.100 avg100 9.64 fps 435
frame 2530000 ep 33508 eps 0.100 avg100 11.69 fps 435
frame 2540000 ep 33619 eps 0.100 avg100 9.40 fps 436
frame 2550000 ep 33729 eps 0.100 avg100 8.43 fps 436
frame 2560000 ep 33836 eps 0.100 avg100 9.72 fps 437
frame 2570000 ep 33945 eps 0.100 avg100 8.61 fps 437
frame 2580000 ep 34061 eps 0.100 avg100 8.18 fps 438
frame 2590000 ep 34164 eps 0.100 avg100 9.23 fps 438
frame 2600000 ep 34277 eps 0.100 avg100 8.77 fps 438
frame 2610000 ep 34384 eps 0.100 avg100 9.47 fps 439
frame 2620000 ep 34479 eps 0.100 avg100 10.13 fps 439
frame 2630000 ep 34586 eps 0.100 avg100 9.38 fps 440
frame 2640000 ep 34693 eps 0.100 avg100 8.80 fps 440
frame 2650000 ep 34798 eps 0.100 avg100 9.49 fps 441
frame 2660000 ep 34885 eps 0.100 avg100 10.39 fps 441
frame 2670000 ep 34979 eps 0.100 avg100 10.42 fps 442
frame 2680000 ep 35088 eps 0.100 avg100 9.07 fps 442
frame 2690000 ep 35191 eps 0.100 avg100 9.21 fps 443
frame 2700000 ep 35291 eps 0.100 avg100 9.48 fps 443
frame 2710000 ep 35414 eps 0.100 avg100 7.43 fps 444
frame 2720000 ep 35520 eps 0.100 avg100 9.16 fps 444
frame 2730000 ep 35618 eps 0.100 avg100 10.26 fps 444
frame 2740000 ep 35746 eps 0.100 avg100 7.22 fps 445
frame 2750000 ep 35825 eps 0.100 avg100 11.30 fps 445
frame 2760000 ep 35927 eps 0.100 avg100 9.77 fps 446
frame 2770000 ep 36045 eps 0.100 avg100 8.24 fps 446
frame 2780000 ep 36160 eps 0.100 avg100 7.84 fps 447
frame 2790000 ep 36269 eps 0.100 avg100 8.12 fps 447
frame 2800000 ep 36355 eps 0.100 avg100 11.05 fps 447
frame 2810000 ep 36468 eps 0.100 avg100 8.02 fps 448
frame 2820000 ep 36574 eps 0.100 avg100 9.59 fps 448
frame 2830000 ep 36685 eps 0.100 avg100 8.49 fps 449
frame 2840000 ep 36792 eps 0.100 avg100 9.36 fps 449
frame 2850000 ep 36875 eps 0.100 avg100 11.50 fps 449
frame 2860000 ep 36979 eps 0.100 avg100 9.84 fps 450
frame 2870000 ep 37085 eps 0.100 avg100 9.17 fps 450
frame 2880000 ep 37187 eps 0.100 avg100 9.31 fps 451
frame 2890000 ep 37294 eps 0.100 avg100 8.53 fps 451
frame 2900000 ep 37398 eps 0.100 avg100 8.93 fps 451
frame 2910000 ep 37491 eps 0.100 avg100 9.76 fps 452
frame 2920000 ep 37597 eps 0.100 avg100 8.88 fps 452
frame 2930000 ep 37685 eps 0.100 avg100 10.97 fps 453
frame 2940000 ep 37790 eps 0.100 avg100 8.94 fps 453
frame 2950000 ep 37889 eps 0.100 avg100 9.97 fps 453
frame 2960000 ep 37996 eps 0.100 avg100 9.44 fps 454
frame 2970000 ep 38100 eps 0.100 avg100 9.24 fps 454
frame 2980000 ep 38197 eps 0.100 avg100 10.69 fps 454
frame 2990000 ep 38293 eps 0.100 avg100 10.80 fps 455
frame 3000000 ep 38385 eps 0.100 avg100 10.71 fps 455
frame 3010000 ep 38478 eps 0.100 avg100 10.96 fps 455
frame 3020000 ep 38576 eps 0.100 avg100 10.56 fps 456
frame 3030000 ep 38671 eps 0.100 avg100 10.32 fps 456
frame 3040000 ep 38787 eps 0.100 avg100 8.37 fps 456
frame 3050000 ep 38893 eps 0.100 avg100 8.45 fps 457
frame 3060000 ep 39012 eps 0.100 avg100 7.95 fps 457
frame 3070000 ep 39122 eps 0.100 avg100 8.89 fps 457
frame 3080000 ep 39223 eps 0.100 avg100 9.58 fps 458
frame 3090000 ep 39343 eps 0.100 avg100 7.62 fps 458
frame 3100000 ep 39442 eps 0.100 avg100 9.87 fps 458
frame 3110000 ep 39546 eps 0.100 avg100 9.48 fps 459
frame 3120000 ep 39641 eps 0.100 avg100 9.89 fps 459
frame 3130000 ep 39754 eps 0.100 avg100 8.91 fps 459
frame 3140000 ep 39872 eps 0.100 avg100 7.27 fps 460
frame 3150000 ep 39977 eps 0.100 avg100 9.48 fps 460
frame 3160000 ep 40073 eps 0.100 avg100 10.46 fps 460
frame 3170000 ep 40190 eps 0.100 avg100 7.67 fps 461
frame 3180000 ep 40293 eps 0.100 avg100 9.27 fps 461
frame 3190000 ep 40387 eps 0.100 avg100 10.64 fps 461
frame 3200000 ep 40477 eps 0.100 avg100 10.51 fps 462
frame 3210000 ep 40574 eps 0.100 avg100 10.06 fps 462
frame 3220000 ep 40649 eps 0.100 avg100 13.50 fps 462
frame 3230000 ep 40732 eps 0.100 avg100 11.47 fps 463
frame 3240000 ep 40832 eps 0.100 avg100 9.60 fps 463
frame 3250000 ep 40940 eps 0.100 avg100 9.68 fps 463
frame 3260000 ep 41051 eps 0.100 avg100 9.45 fps 464
frame 3270000 ep 41146 eps 0.100 avg100 9.99 fps 464
frame 3280000 ep 41245 eps 0.100 avg100 9.89 fps 464
frame 3290000 ep 41358 eps 0.100 avg100 8.92 fps 465
frame 3300000 ep 41473 eps 0.100 avg100 8.42 fps 465
frame 3310000 ep 41604 eps 0.100 avg100 8.07 fps 465
frame 3320000 ep 41725 eps 0.100 avg100 7.97 fps 466
frame 3330000 ep 41818 eps 0.100 avg100 10.30 fps 466
frame 3340000 ep 41913 eps 0.100 avg100 10.01 fps 466
frame 3350000 ep 42016 eps 0.100 avg100 9.38 fps 467
frame 3360000 ep 42118 eps 0.100 avg100 8.98 fps 467
frame 3370000 ep 42218 eps 0.100 avg100 9.56 fps 467
frame 3380000 ep 42315 eps 0.100 avg100 9.98 fps 467
frame 3390000 ep 42432 eps 0.100 avg100 8.84 fps 467
frame 3400000 ep 42521 eps 0.100 avg100 10.91 fps 468
frame 3410000 ep 42628 eps 0.100 avg100 9.91 fps 468
frame 3420000 ep 42737 eps 0.100 avg100 8.98 fps 468
frame 3430000 ep 42825 eps 0.100 avg100 11.73 fps 469
frame 3440000 ep 42933 eps 0.100 avg100 8.93 fps 469
frame 3450000 ep 43055 eps 0.100 avg100 7.71 fps 469
frame 3460000 ep 43163 eps 0.100 avg100 9.55 fps 470
frame 3470000 ep 43275 eps 0.100 avg100 8.56 fps 470
frame 3480000 ep 43379 eps 0.100 avg100 9.70 fps 470
frame 3490000 ep 43496 eps 0.100 avg100 7.42 fps 471
frame 3500000 ep 43588 eps 0.100 avg100 10.09 fps 471
frame 3510000 ep 43679 eps 0.100 avg100 11.47 fps 471
frame 3520000 ep 43793 eps 0.100 avg100 9.03 fps 471
frame 3530000 ep 43906 eps 0.100 avg100 8.97 fps 472
frame 3540000 ep 44023 eps 0.100 avg100 8.13 fps 472
frame 3550000 ep 44135 eps 0.100 avg100 9.07 fps 472
frame 3560000 ep 44223 eps 0.100 avg100 10.45 fps 473
frame 3570000 ep 44314 eps 0.100 avg100 10.53 fps 473
frame 3580000 ep 44420 eps 0.100 avg100 8.99 fps 473
frame 3590000 ep 44520 eps 0.100 avg100 10.11 fps 473
frame 3600000 ep 44637 eps 0.100 avg100 8.39 fps 474
frame 3610000 ep 44736 eps 0.100 avg100 9.63 fps 474
frame 3620000 ep 44852 eps 0.100 avg100 8.46 fps 474
frame 3630000 ep 44973 eps 0.100 avg100 8.41 fps 475
frame 3640000 ep 45075 eps 0.100 avg100 9.91 fps 475
frame 3650000 ep 45200 eps 0.100 avg100 7.48 fps 475
frame 3660000 ep 45308 eps 0.100 avg100 9.28 fps 475
frame 3670000 ep 45417 eps 0.100 avg100 8.08 fps 476
frame 3680000 ep 45513 eps 0.100 avg100 10.39 fps 476
frame 3690000 ep 45620 eps 0.100 avg100 9.38 fps 476
frame 3700000 ep 45713 eps 0.100 avg100 9.95 fps 477
frame 3710000 ep 45820 eps 0.100 avg100 9.09 fps 477
frame 3720000 ep 45906 eps 0.100 avg100 10.55 fps 477
frame 3730000 ep 46014 eps 0.100 avg100 9.07 fps 478
frame 3740000 ep 46119 eps 0.100 avg100 8.93 fps 478
frame 3750000 ep 46240 eps 0.100 avg100 7.04 fps 478
frame 3760000 ep 46351 eps 0.100 avg100 9.04 fps 478
frame 3770000 ep 46471 eps 0.100 avg100 7.97 fps 479
frame 3780000 ep 46577 eps 0.100 avg100 9.60 fps 479
frame 3790000 ep 46680 eps 0.100 avg100 9.40 fps 479
frame 3800000 ep 46798 eps 0.100 avg100 8.52 fps 479
frame 3810000 ep 46905 eps 0.100 avg100 9.45 fps 480
frame 3820000 ep 47030 eps 0.100 avg100 7.54 fps 480
frame 3830000 ep 47180 eps 0.100 avg100 6.26 fps 480
frame 3840000 ep 47302 eps 0.100 avg100 8.69 fps 480
frame 3850000 ep 47418 eps 0.100 avg100 8.37 fps 481
frame 3860000 ep 47515 eps 0.100 avg100 10.66 fps 481
frame 3870000 ep 47626 eps 0.100 avg100 8.92 fps 481
frame 3880000 ep 47736 eps 0.100 avg100 8.87 fps 481
frame 3890000 ep 47847 eps 0.100 avg100 8.58 fps 482
frame 3900000 ep 47956 eps 0.100 avg100 8.88 fps 482
frame 3910000 ep 48052 eps 0.100 avg100 10.41 fps 482
frame 3920000 ep 48134 eps 0.100 avg100 12.16 fps 482
frame 3930000 ep 48245 eps 0.100 avg100 9.24 fps 483
frame 3940000 ep 48326 eps 0.100 avg100 12.71 fps 483
frame 3950000 ep 48440 eps 0.100 avg100 8.67 fps 483
frame 3960000 ep 48564 eps 0.100 avg100 7.37 fps 483
frame 3970000 ep 48676 eps 0.100 avg100 8.50 fps 484
frame 3980000 ep 48798 eps 0.100 avg100 8.06 fps 484
frame 3990000 ep 48915 eps 0.100 avg100 8.48 fps 484
frame 4000000 ep 49022 eps 0.100 avg100 8.97 fps 484
frame 4010000 ep 49109 eps 0.100 avg100 10.63 fps 485
frame 4020000 ep 49223 eps 0.100 avg100 7.77 fps 485
frame 4030000 ep 49347 eps 0.100 avg100 7.83 fps 485
frame 4040000 ep 49446 eps 0.100 avg100 9.60 fps 485
frame 4050000 ep 49532 eps 0.100 avg100 11.28 fps 486
frame 4060000 ep 49646 eps 0.100 avg100 8.39 fps 486
frame 4070000 ep 49769 eps 0.100 avg100 8.76 fps 486
frame 4080000 ep 49864 eps 0.100 avg100 10.14 fps 486
frame 4090000 ep 49982 eps 0.100 avg100 8.26 fps 486
frame 4100000 ep 50083 eps 0.100 avg100 9.91 fps 487
frame 4110000 ep 50181 eps 0.100 avg100 10.24 fps 487
frame 4120000 ep 50294 eps 0.100 avg100 8.55 fps 487
frame 4130000 ep 50398 eps 0.100 avg100 9.72 fps 488
frame 4140000 ep 50490 eps 0.100 avg100 11.01 fps 488
frame 4150000 ep 50590 eps 0.100 avg100 9.62 fps 488
frame 4160000 ep 50692 eps 0.100 avg100 9.08 fps 488
frame 4170000 ep 50790 eps 0.100 avg100 10.60 fps 489
frame 4180000 ep 50883 eps 0.100 avg100 10.52 fps 489
frame 4190000 ep 50988 eps 0.100 avg100 9.09 fps 489
frame 4200000 ep 51107 eps 0.100 avg100 7.78 fps 489
frame 4210000 ep 51233 eps 0.100 avg100 7.79 fps 490
frame 4220000 ep 51341 eps 0.100 avg100 8.56 fps 490
frame 4230000 ep 51444 eps 0.100 avg100 9.45 fps 490
frame 4240000 ep 51577 eps 0.100 avg100 7.67 fps 490
frame 4250000 ep 51679 eps 0.100 avg100 9.56 fps 490
frame 4260000 ep 51791 eps 0.100 avg100 9.14 fps 491
frame 4270000 ep 51892 eps 0.100 avg100 9.49 fps 491
frame 4280000 ep 51985 eps 0.100 avg100 10.07 fps 491
frame 4290000 ep 52079 eps 0.100 avg100 10.99 fps 491
frame 4300000 ep 52186 eps 0.100 avg100 9.64 fps 491
frame 4310000 ep 52297 eps 0.100 avg100 8.14 fps 492
frame 4320000 ep 52396 eps 0.100 avg100 9.77 fps 492
frame 4330000 ep 52499 eps 0.100 avg100 9.19 fps 492
frame 4340000 ep 52585 eps 0.100 avg100 11.34 fps 492
frame 4350000 ep 52693 eps 0.100 avg100 8.85 fps 492
frame 4360000 ep 52793 eps 0.100 avg100 9.80 fps 493
frame 4370000 ep 52907 eps 0.100 avg100 8.87 fps 493
frame 4380000 ep 53012 eps 0.100 avg100 9.22 fps 493
frame 4390000 ep 53125 eps 0.100 avg100 8.82 fps 493
frame 4400000 ep 53245 eps 0.100 avg100 8.64 fps 493
frame 4410000 ep 53349 eps 0.100 avg100 9.05 fps 493
frame 4420000 ep 53457 eps 0.100 avg100 9.58 fps 494
frame 4430000 ep 53558 eps 0.100 avg100 9.30 fps 494
frame 4440000 ep 53665 eps 0.100 avg100 9.56 fps 494
frame 4450000 ep 53761 eps 0.100 avg100 9.89 fps 494
frame 4460000 ep 53859 eps 0.100 avg100 10.34 fps 494
frame 4470000 ep 53955 eps 0.100 avg100 9.69 fps 495
frame 4480000 ep 54062 eps 0.100 avg100 8.82 fps 495
frame 4490000 ep 54164 eps 0.100 avg100 9.62 fps 495
frame 4500000 ep 54281 eps 0.100 avg100 7.97 fps 495
frame 4510000 ep 54389 eps 0.100 avg100 9.46 fps 495
frame 4520000 ep 54494 eps 0.100 avg100 9.18 fps 495
frame 4530000 ep 54598 eps 0.100 avg100 9.24 fps 496
frame 4540000 ep 54697 eps 0.100 avg100 10.45 fps 496
frame 4550000 ep 54809 eps 0.100 avg100 8.65 fps 496
frame 4560000 ep 54899 eps 0.100 avg100 10.23 fps 496
frame 4570000 ep 55022 eps 0.100 avg100 7.90 fps 497
frame 4580000 ep 55119 eps 0.100 avg100 10.00 fps 497
frame 4590000 ep 55218 eps 0.100 avg100 9.90 fps 497
frame 4600000 ep 55327 eps 0.100 avg100 8.75 fps 498
frame 4610000 ep 55431 eps 0.100 avg100 8.69 fps 498
frame 4620000 ep 55523 eps 0.100 avg100 10.60 fps 498
frame 4630000 ep 55634 eps 0.100 avg100 8.83 fps 499
frame 4640000 ep 55718 eps 0.100 avg100 10.90 fps 499
frame 4650000 ep 55812 eps 0.100 avg100 11.65 fps 500
frame 4660000 ep 55923 eps 0.100 avg100 8.80 fps 500
frame 4670000 ep 56036 eps 0.100 avg100 9.49 fps 501
frame 4680000 ep 56140 eps 0.100 avg100 9.77 fps 501
frame 4690000 ep 56231 eps 0.100 avg100 10.74 fps 501
frame 4700000 ep 56337 eps 0.100 avg100 8.92 fps 502
frame 4710000 ep 56427 eps 0.100 avg100 10.49 fps 502
frame 4720000 ep 56523 eps 0.100 avg100 9.93 fps 502
frame 4730000 ep 56637 eps 0.100 avg100 8.46 fps 503
frame 4740000 ep 56763 eps 0.100 avg100 7.45 fps 503
frame 4750000 ep 56887 eps 0.100 avg100 7.42 fps 503
frame 4760000 ep 56996 eps 0.100 avg100 9.11 fps 504
frame 4770000 ep 57119 eps 0.100 avg100 8.24 fps 504
frame 4780000 ep 57243 eps 0.100 avg100 7.66 fps 505
frame 4790000 ep 57349 eps 0.100 avg100 9.16 fps 505
frame 4800000 ep 57464 eps 0.100 avg100 8.27 fps 505
frame 4810000 ep 57545 eps 0.100 avg100 11.01 fps 506
frame 4820000 ep 57656 eps 0.100 avg100 9.11 fps 506
frame 4830000 ep 57748 eps 0.100 avg100 10.38 fps 507
frame 4840000 ep 57838 eps 0.100 avg100 11.03 fps 507
frame 4850000 ep 57955 eps 0.100 avg100 7.88 fps 507
frame 4860000 ep 58059 eps 0.100 avg100 9.57 fps 508
frame 4870000 ep 58190 eps 0.100 avg100 6.80 fps 508
frame 4880000 ep 58310 eps 0.100 avg100 7.87 fps 508
frame 4890000 ep 58409 eps 0.100 avg100 9.78 fps 509
frame 4900000 ep 58520 eps 0.100 avg100 8.22 fps 509
frame 4910000 ep 58624 eps 0.100 avg100 9.43 fps 510
frame 4920000 ep 58758 eps 0.100 avg100 6.65 fps 510
frame 4930000 ep 58866 eps 0.100 avg100 9.07 fps 510
frame 4940000 ep 58962 eps 0.100 avg100 9.98 fps 511
frame 4950000 ep 59075 eps 0.100 avg100 8.94 fps 511
frame 4960000 ep 59182 eps 0.100 avg100 9.27 fps 511
frame 4970000 ep 59278 eps 0.100 avg100 10.27 fps 512
frame 4980000 ep 59393 eps 0.100 avg100 8.32 fps 512
frame 4990000 ep 59507 eps 0.100 avg100 8.12 fps 513
frame 5000000 ep 59611 eps 0.100 avg100 9.34 fps 513
