frame 10000 ep 894 eps 0.910 avg100 0.51 fps 1203
frame 20000 ep 1781 eps 0.820 avg100 0.66 fps 808
frame 30000 ep 2553 eps 0.730 avg100 0.86 fps 730
frame 40000 ep 3123 eps 0.640 avg100 1.16 fps 695
frame 50000 ep 3616 eps 0.550 avg100 1.43 fps 676
frame 60000 ep 4082 eps 0.460 avg100 1.83 fps 665
frame 70000 ep 4452 eps 0.370 avg100 2.07 fps 656
frame 80000 ep 4773 eps 0.280 avg100 2.35 fps 649
frame 90000 ep 5058 eps 0.190 avg100 2.91 fps 644
frame 100000 ep 5302 eps 0.100 avg100 3.85 fps 640
frame 110000 ep 5540 eps 0.100 avg100 2.99 fps 635
frame 120000 ep 5754 eps 0.100 avg100 4.42 fps 618
frame 130000 ep 5936 eps 0.100 avg100 4.77 fps 604
frame 140000 ep 6100 eps 0.100 avg100 5.23 fps 597
frame 150000 ep 6261 eps 0.100 avg100 5.60 fps 200
frame 160000 ep 6421 eps 0.100 avg100 5.34 fps 207
frame 170000 ep 6572 eps 0.100 avg100 4.93 fps 214
frame 180000 ep 6722 eps 0.100 avg100 5.94 fps 221
frame 190000 ep 6881 eps 0.100 avg100 5.48 fps 226
frame 200000 ep 7030 eps 0.100 avg100 5.82 fps 233
frame 210000 ep 7182 eps 0.100 avg100 5.41 fps 238
frame 220000 ep 7331 eps 0.100 avg100 5.60 fps 243
frame 230000 ep 7470 eps 0.100 avg100 6.22 fps 248
frame 240000 ep 7603 eps 0.100 avg100 6.18 fps 254
frame 250000 ep 7753 eps 0.100 avg100 5.93 fps 259
frame 260000 ep 7900 eps 0.100 avg100 5.50 fps 264
frame 270000 ep 8038 eps 0.100 avg100 6.20 fps 268
frame 280000 ep 8158 eps 0.100 avg100 7.20 fps 273
frame 290000 ep 8303 eps 0.100 avg100 5.34 fps 277
frame 300000 ep 8444 eps 0.100 avg100 6.45 fps 281
frame 310000 ep 8575 eps 0.100 avg100 5.87 fps 285
frame 320000 ep 8703 eps 0.100 avg100 6.47 fps 289
frame 330000 ep 8848 eps 0.100 avg100 5.79 fps 293
frame 340000 ep 8977 eps 0.100 avg100 6.46 fps 298
frame 350000 ep 9115 eps 0.100 avg100 6.08 fps 302
frame 360000 ep 9238 eps 0.100 avg100 7.07 fps 307
frame 370000 ep 9374 eps 0.100 avg100 6.21 fps 311
frame 380000 ep 9519 eps 0.100 avg100 5.89 fps 315
frame 390000 ep 9664 eps 0.100 avg100 5.80 fps 319
frame 400000 ep 9809 eps 0.100 avg100 5.78 fps 296
frame 410000 ep 9972 eps 0.100 avg100 4.89 fps 300
frame 420000 ep 10101 eps 0.100 avg100 6.81 fps 303
frame 430000 ep 10242 eps 0.100 avg100 6.06 fps 307
frame 440000 ep 10371 eps 0.100 avg100 6.37 fps 310
frame 450000 ep 10493 eps 0.100 avg100 6.63 fps 313
frame 460000 ep 10629 eps 0.100 avg100 6.40 fps 315
frame 470000 ep 10771 eps 0.100 avg100 5.84 fps 317
frame 480000 ep 10899 eps 0.100 avg100 6.28 fps 320
frame 490000 ep 11043 eps 0.100 avg100 6.13 fps 322
frame 500000 ep 11177 eps 0.100 avg100 6.91 fps 324
frame 510000 ep 11326 eps 0.100 avg100 5.60 fps 326
frame 520000 ep 11457 eps 0.100 avg100 6.83 fps 328
frame 530000 ep 11600 eps 0.100 avg100 5.82 fps 330
frame 540000 ep 11725 eps 0.100 avg100 7.02 fps 331
frame 550000 ep 11837 eps 0.100 avg100 7.31 fps 334
frame 560000 ep 11971 eps 0.100 avg100 6.35 fps 336
frame 570000 ep 12112 eps 0.100 avg100 5.52 fps 339
frame 580000 ep 12225 eps 0.100 avg100 8.06 fps 342
frame 590000 ep 12364 eps 0.100 avg100 5.98 fps 336
frame 600000 ep 12497 eps 0.100 avg100 6.58 fps 337
frame 610000 ep 12623 eps 0.100 avg100 6.90 fps 335
frame 620000 ep 12745 eps 0.100 avg100 6.85 fps 322
frame 630000 ep 12878 eps 0.100 avg100 6.22 fps 299
frame 640000 ep 13007 eps 0.100 avg100 6.89 fps 302
frame 650000 ep 13143 eps 0.100 avg100 5.99 fps 304
frame 660000 ep 13281 eps 0.100 avg100 5.81 fps 306
frame 670000 ep 13392 eps 0.100 avg100 7.50 fps 308
frame 680000 ep 13515 eps 0.100 avg100 7.20 fps 310
frame 690000 ep 13634 eps 0.100 avg100 7.61 fps 313
frame 700000 ep 13748 eps 0.100 avg100 8.07 fps 315
frame 710000 ep 13871 eps 0.100 avg100 7.87 fps 317
frame 720000 ep 13978 eps 0.100 avg100 9.26 fps 319
frame 730000 ep 14086 eps 0.100 avg100 8.86 fps 320
frame 740000 ep 14211 eps 0.100 avg100 7.64 fps 322
frame 750000 ep 14308 eps 0.100 avg100 10.12 fps 323
frame 760000 ep 14423 eps 0.100 avg100 8.22 fps 324
frame 770000 ep 14541 eps 0.100 avg100 8.33 fps 326
frame 780000 ep 14634 eps 0.100 avg100 10.36 fps 327
frame 790000 ep 14737 eps 0.100 avg100 9.61 fps 328
frame 800000 ep 14830 eps 0.100 avg100 10.89 fps 330
frame 810000 ep 14933 eps 0.100 avg100 8.93 fps 331
frame 820000 ep 15045 eps 0.100 avg100 8.49 fps 332
frame 830000 ep 15164 eps 0.100 avg100 8.63 fps 333
frame 840000 ep 15276 eps 0.100 avg100 8.50 fps 334
frame 850000 ep 15380 eps 0.100 avg100 9.77 fps 335
frame 860000 ep 15498 eps 0.100 avg100 8.54 fps 337
frame 870000 ep 15609 eps 0.100 avg100 8.59 fps 339
frame 880000 ep 15727 eps 0.100 avg100 8.89 fps 341
frame 890000 ep 15837 eps 0.100 avg100 8.78 fps 342
frame 900000 ep 15954 eps 0.100 avg100 8.41 fps 344
frame 910000 ep 16066 eps 0.100 avg100 9.23 fps 346
frame 920000 ep 16171 eps 0.100 avg100 9.03 fps 347
frame 930000 ep 16300 eps 0.100 avg100 7.38 fps 349
frame 940000 ep 16407 eps 0.100 avg100 9.02 fps 351
frame 950000 ep 16522 eps 0.100 avg100 8.40 fps 352
frame 960000 ep 16651 eps 0.100 avg100 7.62 fps 352
frame 970000 ep 16781 eps 0.100 avg100 7.09 fps 353
frame 980000 ep 16899 eps 0.100 avg100 7.96 fps 353
frame 990000 ep 17025 eps 0.100 avg100 6.64 fps 352
frame 1000000 ep 17138 eps 0.100 avg100 8.54 fps 352
frame 1010000 ep 17246 eps 0.100 avg100 8.55 fps 350
frame 1020000 ep 17366 eps 0.100 avg100 8.45 fps 349
frame 1030000 ep 17481 eps 0.100 avg100 8.72 fps 349
frame 1040000 ep 17610 eps 0.100 avg100 7.07 fps 348
frame 1050000 ep 17743 eps 0.100 avg100 7.59 fps 347
frame 1060000 ep 17867 eps 0.100 avg100 7.24 fps 347
frame 1070000 ep 17982 eps 0.100 avg100 7.93 fps 346
frame 1080000 ep 18076 eps 0.100 avg100 10.73 fps 346
frame 1090000 ep 18190 eps 0.100 avg100 8.51 fps 345
frame 1100000 ep 18310 eps 0.100 avg100 7.83 fps 344
frame 1110000 ep 18426 eps 0.100 avg100 7.93 fps 343
frame 1120000 ep 18544 eps 0.100 avg100 7.83 fps 344
frame 1130000 ep 18660 eps 0.100 avg100 8.30 fps 344
frame 1140000 ep 18769 eps 0.100 avg100 9.15 fps 344
frame 1150000 ep 18878 eps 0.100 avg100 9.51 fps 345
frame 1160000 ep 18989 eps 0.100 avg100 9.22 fps 345
frame 1170000 ep 19128 eps 0.100 avg100 7.09 fps 345
frame 1180000 ep 19265 eps 0.100 avg100 6.46 fps 345
frame 1190000 ep 19377 eps 0.100 avg100 8.33 fps 345
frame 1200000 ep 19494 eps 0.100 avg100 8.37 fps 345
frame 1210000 ep 19605 eps 0.100 avg100 9.04 fps 345
frame 1220000 ep 19741 eps 0.100 avg100 7.20 fps 347
frame 1230000 ep 19855 eps 0.100 avg100 8.46 fps 348
frame 1240000 ep 19966 eps 0.100 avg100 8.49 fps 349
frame 1250000 ep 20093 eps 0.100 avg100 7.30 fps 350
frame 1260000 ep 20219 eps 0.100 avg100 7.55 fps 351
frame 1270000 ep 20336 eps 0.100 avg100 8.15 fps 352
frame 1280000 ep 20448 eps 0.100 avg100 8.45 fps 353
frame 1290000 ep 20578 eps 0.100 avg100 7.36 fps 354
frame 1300000 ep 20672 eps 0.100 avg100 10.03 fps 355
frame 1310000 ep 20788 eps 0.100 avg100 8.09 fps 356
frame 1320000 ep 20927 eps 0.100 avg100 6.62 fps 357
frame 1330000 ep 21048 eps 0.100 avg100 7.55 fps 358
frame 1340000 ep 21177 eps 0.100 avg100 7.72 fps 359
frame 1350000 ep 21287 eps 0.100 avg100 9.27 fps 360
frame 1360000 ep 21394 eps 0.100 avg100 9.15 fps 361
frame 1370000 ep 21536 eps 0.100 avg100 7.07 fps 362
frame 1380000 ep 21660 eps 0.100 avg100 7.48 fps 363
frame 1390000 ep 21781 eps 0.100 avg100 7.81 fps 364
frame 1400000 ep 21898 eps 0.100 avg100 7.92 fps 365
frame 1410000 ep 22016 eps 0.100 avg100 7.87 fps 366
frame 1420000 ep 22134 eps 0.100 avg100 7.97 fps 367
frame 1430000 ep 22243 eps 0.100 avg100 8.82 fps 368
frame 1440000 ep 22352 eps 0.100 avg100 8.16 fps 369
frame 1450000 ep 22456 eps 0.100 avg100 9.18 fps 370
frame 1460000 ep 22585 eps 0.100 avg100 6.99 fps 371
frame 1470000 ep 22700 eps 0.100 avg100 7.93 fps 372
frame 1480000 ep 22820 eps 0.100 avg100 7.43 fps 373
frame 1490000 ep 22929 eps 0.100 avg100 8.99 fps 373
frame 1500000 ep 23022 eps 0.100 avg100 10.49 fps 374
frame 1510000 ep 23141 eps 0.100 avg100 8.08 fps 375
frame 1520000 ep 23252 eps 0.100 avg100 8.48 fps 376
frame 1530000 ep 23373 eps 0.100 avg100 7.03 fps 377
frame 1540000 ep 23490 eps 0.100 avg100 8.08 fps 378
frame 1550000 ep 23594 eps 0.100 avg100 9.21 fps 379
frame 1560000 ep 23702 eps 0.100 avg100 8.52 fps 380
frame 1570000 ep 23811 eps 0.100 avg100 9.00 fps 381
frame 1580000 ep 23907 eps 0.100 avg100 9.64 fps 381
frame 1590000 ep 24024 eps 0.100 avg100 8.40 fps 382
frame 1600000 ep 24132 eps 0.100 avg100 8.29 fps 383
frame 1610000 ep 24241 eps 0.100 avg100 8.64 fps 384
frame 1620000 ep 24356 eps 0.100 avg100 8.54 fps 385
frame 1630000 ep 24470 eps 0.100 avg100 7.99 fps 386
frame 1640000 ep 24575 eps 0.100 avg100 8.98 fps 386
frame 1650000 ep 24685 eps 0.100 avg100 8.34 fps 387
frame 1660000 ep 24801 eps 0.100 avg100 7.90 fps 388
frame 1670000 ep 24908 eps 0.100 avg100 9.22 fps 388
frame 1680000 ep 25011 eps 0.100 avg100 9.41 fps 389
frame 1690000 ep 25126 eps 0.100 avg100 8.70 fps 390
frame 1700000 ep 25244 eps 0.100 avg100 7.80 fps 391
frame 1710000 ep 25375 eps 0.100 avg100 7.24 fps 392
frame 1720000 ep 25486 eps 0.100 avg100 8.85 fps 392
frame 1730000 ep 25597 eps 0.100 avg100 8.82 fps 393
frame 1740000 ep 25685 eps 0.100 avg100 11.22 fps 394
frame 1750000 ep 25798 eps 0.100 avg100 8.20 fps 395
frame 1760000 ep 25888 eps 0.100 avg100 10.80 fps 396
frame 1770000 ep 26008 eps 0.100 avg100 7.35 fps 396
frame 1780000 ep 26112 eps 0.100 avg100 8.89 fps 397
frame 1790000 ep 26198 eps 0.100 avg100 11.29 fps 398
frame 1800000 ep 26313 eps 0.100 avg100 7.91 fps 399
frame 1810000 ep 26410 eps 0.100 avg100 9.54 fps 399
frame 1820000 ep 26533 eps 0.100 avg100 8.24 fps 400
frame 1830000 ep 26643 eps 0.100 avg100 8.51 fps 401
frame 1840000 ep 26740 eps 0.100 avg100 10.25 fps 402
frame 1850000 ep 26854 eps 0.100 avg100 8.58 fps 402
frame 1860000 ep 26950 eps 0.100 avg100 10.23 fps 403
frame 1870000 ep 27064 eps 0.100 avg100 7.68 fps 404
frame 1880000 ep 27164 eps 0.100 avg100 9.72 fps 404
frame 1890000 ep 27281 eps 0.100 avg100 7.94 fps 405
frame 1900000 ep 27378 eps 0.100 avg100 9.70 fps 406
frame 1910000 ep 27501 eps 0.100 avg100 7.31 fps 407
frame 1920000 ep 27593 eps 0.100 avg100 9.96 fps 407
frame 1930000 ep 27702 eps 0.100 avg100 9.42 fps 408
frame 1940000 ep 27802 eps 0.100 avg100 9.83 fps 409
frame 1950000 ep 27902 eps 0.100 avg100 9.69 fps 409
frame 1960000 ep 27995 eps 0.100 avg100 10.91 fps 410
frame 1970000 ep 28108 eps 0.100 avg100 8.60 fps 410
frame 1980000 ep 28211 eps 0.100 avg100 9.32 fps 411
frame 1990000 ep 28300 eps 0.100 avg100 10.46 fps 412
frame 2000000 ep 28399 eps 0.100 avg100 9.60 fps 412
frame 2010000 ep 28517 eps 0.100 avg100 8.47 fps 413
frame 2020000 ep 28609 eps 0.100 avg100 10.47 fps 413
frame 2030000 ep 28713 eps 0.100 avg100 8.68 fps 414
frame 2040000 ep 28822 eps 0.100 avg100 9.38 fps 414
frame 2050000 ep 28918 eps 0.100 avg100 9.82 fps 415
frame 2060000 ep 29031 eps 0.100 avg100 8.63 fps 415
frame 2070000 ep 29145 eps 0.100 avg100 8.37 fps 416
frame 2080000 ep 29250 eps 0.100 avg100 9.24 fps 416
frame 2090000 ep 29366 eps 0.100 avg100 8.17 fps 417
frame 2100000 ep 29487 eps 0.100 avg100 8.12 fps 417
frame 2110000 ep 29608 eps 0.100 avg100 7.48 fps 418
frame 2120000 ep 29708 eps 0.100 avg100 10.01 fps 419
frame 2130000 ep 29826 eps 0.100 avg100 7.60 fps 419
frame 2140000 ep 29923 eps 0.100 avg100 9.76 fps 420
frame 2150000 ep 30032 eps 0.100 avg100 9.12 fps 420
frame 2160000 ep 30140 eps 0.100 avg100 8.32 fps 421
frame 2170000 ep 30248 eps 0.100 avg100 9.11 fps 421
frame 2180000 ep 30351 eps 0.100 avg100 8.88 fps 422
frame 2190000 ep 30454 eps 0.100 avg100 9.19 fps 423
frame 2200000 ep 30552 eps 0.100 avg100 9.87 fps 423
frame 2210000 ep 30665 eps 0.100 avg100 8.19 fps 424
frame 2220000 ep 30770 eps 0.100 avg100 9.23 fps 424
frame 2230000 ep 30883 eps 0.100 avg100 9.05 fps 425
frame 2240000 ep 31009 eps 0.100 avg100 7.70 fps 425
frame 2250000 ep 31110 eps 0.100 avg100 9.09 fps 426
frame 2260000 ep 31224 eps 0.100 avg100 8.64 fps 427
frame 2270000 ep 31327 eps 0.100 avg100 9.32 fps 427
frame 2280000 ep 31430 eps 0.100 avg100 10.06 fps 428
frame 2290000 ep 31525 eps 0.100 avg100 9.73 fps 428
frame 2300000 ep 31631 eps 0.100 avg100 9.45 fps 429
frame 2310000 ep 31722 eps 0.100 avg100 11.07 fps 429
frame 2320000 ep 31816 eps 0.100 avg100 9.63 fps 430
frame 2330000 ep 31917 eps 0.100 avg100 9.68 fps 430
frame 2340000 ep 32021 eps 0.100 avg100 8.93 fps 431
frame 2350000 ep 32127 eps 0.100 avg100 9.32 fps 432
frame 2360000 ep 32236 eps 0.100 avg100 8.93 fps 432
frame 2370000 ep 32352 eps 0.100 avg100 8.83 fps 433
frame 2380000 ep 32457 eps 0.100 avg100 8.97 fps 433
frame 2390000 ep 32561 eps 0.100 avg100 9.68 fps 434
frame 2400000 ep 32661 eps 0.100 avg100 9.91 fps 434
frame 2410000 ep 32750 eps 0.100 avg100 10.40 fps 435
frame 2420000 ep 32862 eps 0.100 avg100 7.91 fps 435
frame 2430000 ep 32975 eps 0.100 avg100 8.75 fps 435
frame 2440000 ep 33074 eps 0.100 avg100 9.70 fps 435
frame 2450000 ep 33191 eps 0.100 avg100 7.88 fps 435
frame 2460000 ep 33305 eps 0.100 avg100 9.00 fps 435
frame 2470000 ep 33418 eps 0.100 avg100 8.41 fps 435
frame 2480000 ep 33519 eps 0.100 avg100 9.64 fps 435
frame 2490000 ep 33626 eps 0.100 avg100 9.07 fps 435
frame 2500000 ep 33736 eps 0.100 avg100 8.74 fps 435
frame 2510000 ep 33848 eps 0.100 avg100 9.06 fps 435
frame 2520000 ep 33963 eps 0.100 avg100 8.86 fps 435
frame 2530000 ep 34058 eps 0.100 avg100 10.48 fps 436
frame 2540000 ep 34171 eps 0.100 avg100 8.96 fps 436
frame 2550000 ep 34274 eps 0.100 avg100 9.14 fps 436
frame 2560000 ep 34391 eps 0.100 avg100 7.94 fps 437
frame 2570000 ep 34501 eps 0.100 avg100 9.45 fps 437
frame 2580000 ep 34603 eps 0.100 avg100 9.42 fps 438
frame 2590000 ep 34704 eps 0.100 avg100 9.70 fps 438
frame 2600000 ep 34814 eps 0.100 avg100 9.12 fps 439
frame 2610000 ep 34913 eps 0.100 avg100 9.78 fps 439
frame 2620000 ep 35030 eps 0.100 avg100 7.66 fps 440
frame 2630000 ep 35125 eps 0.100 avg100 9.55 fps 440
frame 2640000 ep 35208 eps 0.100 avg100 10.96 fps 440
frame 2650000 ep 35312 eps 0.100 avg100 9.60 fps 441
frame 2660000 ep 35436 eps 0.100 avg100 8.27 fps 441
frame 2670000 ep 35537 eps 0.100 avg100 9.56 fps 442
frame 2680000 ep 35648 eps 0.100 avg100 8.89 fps 442
frame 2690000 ep 35747 eps 0.100 avg100 9.69 fps 443
frame 2700000 ep 35860 eps 0.100 avg100 8.85 fps 443
frame 2710000 ep 35971 eps 0.100 avg100 8.47 fps 444
frame 2720000 ep 36058 eps 0.100 avg100 10.50 fps 444
frame 2730000 ep 36176 eps 0.100 avg100 8.59 fps 445
frame 2740000 ep 36270 eps 0.100 avg100 9.93 fps 445
frame 2750000 ep 36359 eps 0.100 avg100 11.18 fps 445
frame 2760000 ep 36469 eps 0.100 avg100 8.88 fps 446
frame 2770000 ep 36600 eps 0.100 avg100 6.82 fps 446
frame 2780000 ep 36696 eps 0.100 avg100 9.56 fps 447
frame 2790000 ep 36805 eps 0.100 avg100 8.70 fps 447
frame 2800000 ep 36904 eps 0.100 avg100 9.80 fps 448
frame 2810000 ep 37009 eps 0.100 avg100 8.71 fps 448
frame 2820000 ep 37112 eps 0.100 avg100 9.35 fps 448
frame 2830000 ep 37213 eps 0.100 avg100 9.33 fps 449
frame 2840000 ep 37327 eps 0.100 avg100 8.32 fps 449
frame 2850000 ep 37442 eps 0.100 avg100 8.40 fps 449
frame 2860000 ep 37555 eps 0.100 avg100 8.33 fps 450
frame 2870000 ep 37638 eps 0.100 avg100 11.20 fps 450
frame 2880000 ep 37742 eps 0.100 avg100 9.55 fps 451
frame 2890000 ep 37856 eps 0.100 avg100 8.43 fps 451
frame 2900000 ep 37956 eps 0.100 avg100 9.26 fps 452
frame 2910000 ep 38061 eps 0.100 avg100 9.34 fps 452
frame 2920000 ep 38164 eps 0.100 avg100 9.03 fps 452
frame 2930000 ep 38268 eps 0.100 avg100 9.11 fps 453
frame 2940000 ep 38403 eps 0.100 avg100 6.69 fps 453
frame 2950000 ep 38504 eps 0.100 avg100 9.59 fps 454
frame 2960000 ep 38619 eps 0.100 avg100 8.32 fps 454
frame 2970000 ep 38715 eps 0.100 avg100 10.48 fps 454
frame 2980000 ep 38818 eps 0.100 avg100 9.44 fps 455
frame 2990000 ep 38926 eps 0.100 avg100 9.50 fps 455
frame 3000000 ep 39033 eps 0.100 avg100 8.30 fps 455
frame 3010000 ep 39155 eps 0.100 avg100 7.55 fps 456
frame 3020000 ep 39289 eps 0.100 avg100 6.75 fps 456
frame 3030000 ep 39397 eps 0.100 avg100 8.93 fps 456
frame 3040000 ep 39500 eps 0.100 avg100 9.81 fps 457
frame 3050000 ep 39632 eps 0.100 avg100 7.66 fps 457
frame 3060000 ep 39727 eps 0.100 avg100 10.69 fps 457
frame 3070000 ep 39840 eps 0.100 avg100 8.83 fps 458
frame 3080000 ep 39944 eps 0.100 avg100 9.41 fps 458
frame 3090000 ep 40060 eps 0.100 avg100 8.31 fps 458
frame 3100000 ep 40161 eps 0.100 avg100 9.88 fps 458
frame 3110000 ep 40266 eps 0.100 avg100 9.72 fps 459
frame 3120000 ep 40374 eps 0.100 avg100 9.17 fps 459
frame 3130000 ep 40489 eps 0.100 avg100 8.58 fps 460
frame 3140000 ep 40586 eps 0.100 avg100 10.35 fps 460
frame 3150000 ep 40689 eps 0.100 avg100 9.86 fps 460
frame 3160000 ep 40798 eps 0.100 avg100 8.57 fps 461
frame 3170000 ep 40917 eps 0.100 avg100 8.54 fps 461
frame 3180000 ep 41028 eps 0.100 avg100 8.72 fps 461
frame 3190000 ep 41141 eps 0.100 avg100 8.68 fps 462
frame 3200000 ep 41260 eps 0.100 avg100 7.54 fps 462
frame 3210000 ep 41388 eps 0.100 avg100 7.08 fps 462
frame 3220000 ep 41473 eps 0.100 avg100 11.24 fps 463
frame 3230000 ep 41563 eps 0.100 avg100 10.38 fps 463
frame 3240000 ep 41656 eps 0.100 avg100 10.85 fps 463
frame 3250000 ep 41780 eps 0.100 avg100 7.87 fps 464
frame 3260000 ep 41888 eps 0.100 avg100 9.13 fps 464
frame 3270000 ep 42002 eps 0.100 avg100 8.49 fps 464
frame 3280000 ep 42106 eps 0.100 avg100 9.35 fps 465
frame 3290000 ep 42211 eps 0.100 avg100 9.12 fps 465
frame 3300000 ep 42326 eps 0.100 avg100 8.19 fps 465
frame 3310000 ep 42420 eps 0.100 avg100 10.44 fps 466
frame 3320000 ep 42527 eps 0.100 avg100 9.38 fps 466
frame 3330000 ep 42656 eps 0.100 avg100 7.84 fps 466
frame 3340000 ep 42765 eps 0.100 avg100 8.36 fps 467
frame 3350000 ep 42871 eps 0.100 avg100 9.05 fps 467
frame 3360000 ep 42992 eps 0.100 avg100 6.71 fps 467
frame 3370000 ep 43096 eps 0.100 avg100 9.02 fps 467
frame 3380000 ep 43201 eps 0.100 avg100 8.75 fps 468
frame 3390000 ep 43334 eps 0.100 avg100 6.76 fps 468
frame 3400000 ep 43468 eps 0.100 avg100 6.56 fps 468
frame 3410000 ep 43585 eps 0.100 avg100 7.53 fps 468
frame 3420000 ep 43698 eps 0.100 avg100 8.20 fps 469
frame 3430000 ep 43789 eps 0.100 avg100 10.30 fps 469
frame 3440000 ep 43884 eps 0.100 avg100 10.46 fps 469
frame 3450000 ep 43989 eps 0.100 avg100 8.90 fps 470
frame 3460000 ep 44110 eps 0.100 avg100 7.22 fps 470
frame 3470000 ep 44208 eps 0.100 avg100 10.01 fps 470
frame 3480000 ep 44291 eps 0.100 avg100 11.84 fps 471
frame 3490000 ep 44390 eps 0.100 avg100 10.02 fps 471
frame 3500000 ep 44494 eps 0.100 avg100 9.16 fps 471
frame 3510000 ep 44602 eps 0.100 avg100 8.45 fps 471
frame 3520000 ep 44721 eps 0.100 avg100 8.44 fps 472
frame 3530000 ep 44821 eps 0.100 avg100 9.87 fps 472
frame 3540000 ep 44935 eps 0.100 avg100 8.66 fps 472
frame 3550000 ep 45031 eps 0.100 avg100 9.67 fps 473
frame 3560000 ep 45150 eps 0.100 avg100 6.79 fps 473
frame 3570000 ep 45249 eps 0.100 avg100 10.02 fps 473
frame 3580000 ep 45359 eps 0.100 avg100 8.64 fps 473
frame 3590000 ep 45461 eps 0.100 avg100 9.48 fps 474
frame 3600000 ep 45555 eps 0.100 avg100 10.17 fps 474
frame 3610000 ep 45659 eps 0.100 avg100 8.78 fps 474
frame 3620000 ep 45757 eps 0.100 avg100 9.68 fps 474
frame 3630000 ep 45845 eps 0.100 avg100 11.35 fps 475
frame 3640000 ep 45945 eps 0.100 avg100 9.65 fps 475
frame 3650000 ep 46050 eps 0.100 avg100 8.72 fps 475
frame 3660000 ep 46163 eps 0.100 avg100 8.17 fps 476
frame 3670000 ep 46255 eps 0.100 avg100 9.90 fps 476
frame 3680000 ep 46351 eps 0.100 avg100 9.70 fps 476
frame 3690000 ep 46461 eps 0.100 avg100 8.29 fps 477
frame 3700000 ep 46563 eps 0.100 avg100 9.45 fps 477
frame 3710000 ep 46645 eps 0.100 avg100 11.95 fps 477
frame 3720000 ep 46764 eps 0.100 avg100 7.90 fps 478
frame 3730000 ep 46854 eps 0.100 avg100 10.63 fps 478
frame 3740000 ep 46940 eps 0.100 avg100 11.62 fps 478
frame 3750000 ep 47036 eps 0.100 avg100 9.93 fps 478
frame 3760000 ep 47121 eps 0.100 avg100 10.71 fps 479
frame 3770000 ep 47218 eps 0.100 avg100 10.08 fps 479
frame 3780000 ep 47326 eps 0.100 avg100 8.15 fps 479
frame 3790000 ep 47428 eps 0.100 avg100 8.91 fps 480
frame 3800000 ep 47529 eps 0.100 avg100 9.52 fps 480
frame 3810000 ep 47623 eps 0.100 avg100 10.32 fps 480
frame 3820000 ep 47744 eps 0.100 avg100 7.86 fps 480
frame 3830000 ep 47847 eps 0.100 avg100 9.81 fps 481
frame 3840000 ep 47953 eps 0.100 avg100 8.96 fps 481
frame 3850000 ep 48053 eps 0.100 avg100 9.87 fps 481
frame 3860000 ep 48153 eps 0.100 avg100 9.98 fps 481
frame 3870000 ep 48254 eps 0.100 avg100 9.23 fps 482
frame 3880000 ep 48362 eps 0.100 avg100 9.19 fps 482
frame 3890000 ep 48470 eps 0.100 avg100 8.18 fps 482
frame 3900000 ep 48597 eps 0.100 avg100 7.62 fps 482
frame 3910000 ep 48698 eps 0.100 avg100 9.42 fps 482
frame 3920000 ep 48798 eps 0.100 avg100 9.63 fps 483
frame 3930000 ep 48913 eps 0.100 avg100 8.79 fps 483
frame 3940000 ep 49016 eps 0.100 avg100 9.38 fps 483
frame 3950000 ep 49138 eps 0.100 avg100 7.46 fps 483
frame 3960000 ep 49249 eps 0.100 avg100 8.32 fps 484
frame 3970000 ep 49352 eps 0.100 avg100 9.48 fps 484
frame 3980000 ep 49452 eps 0.100 avg100 10.10 fps 484
frame 3990000 ep 49542 eps 0.100 avg100 10.52 fps 484
frame 4000000 ep 49656 eps 0.100 avg100 8.27 fps 485
frame 4010000 ep 49772 eps 0.100 avg100 8.55 fps 485
frame 4020000 ep 49869 eps 0.100 avg100 10.22 fps 485
frame 4030000 ep 49987 eps 0.100 avg100 8.47 fps 485
frame 4040000 ep 50083 eps 0.100 avg100 9.92 fps 486
frame 4050000 ep 50195 eps 0.100 avg100 7.94 fps 486
frame 4060000 ep 50280 eps 0.100 avg100 11.44 fps 486
frame 4070000 ep 50390 eps 0.100 avg100 9.37 fps 486
frame 4080000 ep 50492 eps 0.100 avg100 9.23 fps 487
frame 4090000 ep 50597 eps 0.100 avg100 9.11 fps 487
frame 4100000 ep 50690 eps 0.100 avg100 10.30 fps 487
frame 4110000 ep 50801 eps 0.100 avg100 8.72 fps 487
frame 4120000 ep 50916 eps 0.100 avg100 8.79 fps 488
frame 4130000 ep 51021 eps 0.100 avg100 9.31 fps 488
frame 4140000 ep 51104 eps 0.100 avg100 11.67 fps 488
frame 4150000 ep 51215 eps 0.100 avg100 8.73 fps 488
frame 4160000 ep 51330 eps 0.100 avg100 9.12 fps 489
frame 4170000 ep 51439 eps 0.100 avg100 9.05 fps 489
frame 4180000 ep 51545 eps 0.100 avg100 8.74 fps 489
frame 4190000 ep 51650 eps 0.100 avg100 9.56 fps 489
frame 4200000 ep 51746 eps 0.100 avg100 9.62 fps 490
frame 4210000 ep 51836 eps 0.100 avg100 11.01 fps 490
frame 4220000 ep 51946 eps 0.100 avg100 8.77 fps 490
frame 4230000 ep 52051 eps 0.100 avg100 9.30 fps 490
frame 4240000 ep 52154 eps 0.100 avg100 9.17 fps 490
frame 4250000 ep 52249 eps 0.100 avg100 9.94 fps 491
frame 4260000 ep 52358 eps 0.100 avg100 8.58 fps 491
frame 4270000 ep 52468 eps 0.100 avg100 8.28 fps 491
frame 4280000 ep 52571 eps 0.100 avg100 9.09 fps 491
frame 4290000 ep 52675 eps 0.100 avg100 9.46 fps 492
frame 4300000 ep 52767 eps 0.100 avg100 10.14 fps 492
frame 4310000 ep 52872 eps 0.100 avg100 9.50 fps 492
frame 4320000 ep 52954 eps 0.100 avg100 11.36 fps 492
frame 4330000 ep 53066 eps 0.100 avg100 8.17 fps 492
frame 4340000 ep 53163 eps 0.100 avg100 9.89 fps 493
frame 4350000 ep 53267 eps 0.100 avg100 9.40 fps 493
frame 4360000 ep 53358 eps 0.100 avg100 11.14 fps 493
frame 4370000 ep 53472 eps 0.100 avg100 7.89 fps 493
frame 4380000 ep 53577 eps 0.100 avg100 9.41 fps 493
frame 4390000 ep 53675 eps 0.100 avg100 9.33 fps 493
frame 4400000 ep 53791 eps 0.100 avg100 8.34 fps 494
frame 4410000 ep 53896 eps 0.100 avg100 8.75 fps 494
frame 4420000 ep 53990 eps 0.100 avg100 10.25 fps 494
frame 4430000 ep 54079 eps 0.100 avg100 10.06 fps 494
frame 4440000 ep 54145 eps 0.100 avg100 13.41 fps 494
frame 4450000 ep 54253 eps 0.100 avg100 8.65 fps 495
frame 4460000 ep 54377 eps 0.100 avg100 8.19 fps 495
frame 4470000 ep 54500 eps 0.100 avg100 7.89 fps 495
frame 4480000 ep 54604 eps 0.100 avg100 9.18 fps 495
frame 4490000 ep 54703 eps 0.100 avg100 9.42 fps 495
frame 4500000 ep 54822 eps 0.100 avg100 8.09 fps 495
frame 4510000 ep 54916 eps 0.100 avg100 9.96 fps 496
frame 4520000 ep 55025 eps 0.100 avg100 8.53 fps 496
frame 4530000 ep 55144 eps 0.100 avg100 7.60 fps 496
frame 4540000 ep 55242 eps 0.100 avg100 9.30 fps 496
frame 4550000 ep 55343 eps 0.100 avg100 9.28 fps 496
frame 4560000 ep 55443 eps 0.100 avg100 9.69 fps 497
frame 4570000 ep 55542 eps 0.100 avg100 10.17 fps 497
frame 4580000 ep 55646 eps 0.100 avg100 9.47 fps 497
frame 4590000 ep 55738 eps 0.100 avg100 10.97 fps 498
frame 4600000 ep 55830 eps 0.100 avg100 10.59 fps 498
frame 4610000 ep 55936 eps 0.100 avg100 8.64 fps 498
frame 4620000 ep 56057 eps 0.100 avg100 7.99 fps 499
frame 4630000 ep 56157 eps 0.100 avg100 9.66 fps 499
frame 4640000 ep 56259 eps 0.100 avg100 9.20 fps 500
frame 4650000 ep 56370 eps 0.100 avg100 9.32 fps 500
frame 4660000 ep 56472 eps 0.100 avg100 9.82 fps 500
frame 4670000 ep 56577 eps 0.100 avg100 8.65 fps 501
frame 4680000 ep 56700 eps 0.100 avg100 7.68 fps 501
frame 4690000 ep 56790 eps 0.100 avg100 10.61 fps 502
frame 4700000 ep 56888 eps 0.100 avg100 10.09 fps 502
frame 4710000 ep 56982 eps 0.100 avg100 10.48 fps 502
frame 4720000 ep 57090 eps 0.100 avg100 8.72 fps 503
frame 4730000 ep 57200 eps 0.100 avg100 9.23 fps 503
frame 4740000 ep 57287 eps 0.100 avg100 10.16 fps 503
frame 4750000 ep 57387 eps 0.100 avg100 9.79 fps 504
frame 4760000 ep 57508 eps 0.100 avg100 8.71 fps 504
frame 4770000 ep 57605 eps 0.100 avg100 9.94 fps 505
frame 4780000 ep 57709 eps 0.100 avg100 9.43 fps 505
frame 4790000 ep 57826 eps 0.100 avg100 8.85 fps 505
frame 4800000 ep 57934 eps 0.100 avg100 9.51 fps 506
frame 4810000 ep 58043 eps 0.100 avg100 7.94 fps 506
frame 4820000 ep 58174 eps 0.100 avg100 6.64 fps 507
frame 4830000 ep 58265 eps 0.100 avg100 9.99 fps 507
frame 4840000 ep 58366 eps 0.100 avg100 9.52 fps 507
frame 4850000 ep 58487 eps 0.100 avg100 8.11 fps 508
frame 4860000 ep 58578 eps 0.100 avg100 10.99 fps 508
frame 4870000 ep 58692 eps 0.100 avg100 8.69 fps 508
frame 4880000 ep 58792 eps 0.100 avg100 9.79 fps 509
frame 4890000 ep 58898 eps 0.100 avg100 8.43 fps 509
frame 4900000 ep 58995 eps 0.100 avg100 10.51 fps 509
frame 4910000 ep 59092 eps 0.100 avg100 9.87 fps 510
frame 4920000 ep 59184 eps 0.100 avg100 10.46 fps 510
frame 4930000 ep 59292 eps 0.100 avg100 8.56 fps 511
frame 4940000 ep 59394 eps 0.100 avg100 9.78 fps 511
frame 4950000 ep 59484 eps 0.100 avg100 10.52 fps 511
frame 4960000 ep 59598 eps 0.100 avg100 7.83 fps 512
frame 4970000 ep 59708 eps 0.100 avg100 9.15 fps 512
frame 4980000 ep 59813 eps 0.100 avg100 9.77 fps 512
frame 4990000 ep 59934 eps 0.100 avg100 7.89 fps 513
frame 5000000 ep 60037 eps 0.100 avg100 9.33 fps 513
